Archive member included because of file (symbol)

/home/susers/s225990/swiot/gcc-arm-none-eabi-4_9-2015q3/bin/../lib/gcc/arm-none-eabi/4.9.3/../../../../arm-none-eabi/lib/armv7e-m/fpu/libc_nano.a(lib_a-ctype_.o)
                              _build/nrf52832_xxaa/nrf_log_str_formatter.c.o (__ctype_ptr__)
/home/susers/s225990/swiot/gcc-arm-none-eabi-4_9-2015q3/bin/../lib/gcc/arm-none-eabi/4.9.3/../../../../arm-none-eabi/lib/armv7e-m/fpu/libc_nano.a(lib_a-exit.o)
                              /home/susers/s225990/swiot/gcc-arm-none-eabi-4_9-2015q3/bin/../lib/gcc/arm-none-eabi/4.9.3/../../../../arm-none-eabi/lib/armv7e-m/fpu/crt0.o (exit)
/home/susers/s225990/swiot/gcc-arm-none-eabi-4_9-2015q3/bin/../lib/gcc/arm-none-eabi/4.9.3/../../../../arm-none-eabi/lib/armv7e-m/fpu/libc_nano.a(lib_a-impure.o)
                              /home/susers/s225990/swiot/gcc-arm-none-eabi-4_9-2015q3/bin/../lib/gcc/arm-none-eabi/4.9.3/../../../../arm-none-eabi/lib/armv7e-m/fpu/libc_nano.a(lib_a-exit.o) (_global_impure_ptr)
/home/susers/s225990/swiot/gcc-arm-none-eabi-4_9-2015q3/bin/../lib/gcc/arm-none-eabi/4.9.3/../../../../arm-none-eabi/lib/armv7e-m/fpu/libc_nano.a(lib_a-init.o)
                              /home/susers/s225990/swiot/gcc-arm-none-eabi-4_9-2015q3/bin/../lib/gcc/arm-none-eabi/4.9.3/../../../../arm-none-eabi/lib/armv7e-m/fpu/crt0.o (__libc_init_array)
/home/susers/s225990/swiot/gcc-arm-none-eabi-4_9-2015q3/bin/../lib/gcc/arm-none-eabi/4.9.3/../../../../arm-none-eabi/lib/armv7e-m/fpu/libc_nano.a(lib_a-memcpy.o)
                              _build/nrf52832_xxaa/nrf_log_frontend.c.o (memcpy)
/home/susers/s225990/swiot/gcc-arm-none-eabi-4_9-2015q3/bin/../lib/gcc/arm-none-eabi/4.9.3/../../../../arm-none-eabi/lib/armv7e-m/fpu/libc_nano.a(lib_a-memset.o)
                              /home/susers/s225990/swiot/gcc-arm-none-eabi-4_9-2015q3/bin/../lib/gcc/arm-none-eabi/4.9.3/../../../../arm-none-eabi/lib/armv7e-m/fpu/crt0.o (memset)
/home/susers/s225990/swiot/gcc-arm-none-eabi-4_9-2015q3/bin/../lib/gcc/arm-none-eabi/4.9.3/../../../../arm-none-eabi/lib/armv7e-m/fpu/libc_nano.a(lib_a-strcpy.o)
                              _build/nrf52832_xxaa/SEGGER_RTT.c.o (strcpy)
/home/susers/s225990/swiot/gcc-arm-none-eabi-4_9-2015q3/bin/../lib/gcc/arm-none-eabi/4.9.3/../../../../arm-none-eabi/lib/armv7e-m/fpu/libc_nano.a(lib_a-strlen.o)
                              _build/nrf52832_xxaa/nrf_log_frontend.c.o (strlen)
/home/susers/s225990/swiot/gcc-arm-none-eabi-4_9-2015q3/bin/../lib/gcc/arm-none-eabi/4.9.3/../../../../arm-none-eabi/lib/armv7e-m/fpu/libnosys.a(_exit.o)
                              /home/susers/s225990/swiot/gcc-arm-none-eabi-4_9-2015q3/bin/../lib/gcc/arm-none-eabi/4.9.3/../../../../arm-none-eabi/lib/armv7e-m/fpu/libc_nano.a(lib_a-exit.o) (_exit)
/home/susers/s225990/swiot/gcc-arm-none-eabi-4_9-2015q3/bin/../lib/gcc/arm-none-eabi/4.9.3/armv7e-m/fpu/libgcc.a(_aeabi_uldivmod.o)
                              _build/nrf52832_xxaa/bsp.c.o (__aeabi_uldivmod)
/home/susers/s225990/swiot/gcc-arm-none-eabi-4_9-2015q3/bin/../lib/gcc/arm-none-eabi/4.9.3/armv7e-m/fpu/libgcc.a(bpabi.o)
                              /home/susers/s225990/swiot/gcc-arm-none-eabi-4_9-2015q3/bin/../lib/gcc/arm-none-eabi/4.9.3/armv7e-m/fpu/libgcc.a(_aeabi_uldivmod.o) (__gnu_uldivmod_helper)
/home/susers/s225990/swiot/gcc-arm-none-eabi-4_9-2015q3/bin/../lib/gcc/arm-none-eabi/4.9.3/armv7e-m/fpu/libgcc.a(_dvmd_tls.o)
                              /home/susers/s225990/swiot/gcc-arm-none-eabi-4_9-2015q3/bin/../lib/gcc/arm-none-eabi/4.9.3/armv7e-m/fpu/libgcc.a(_aeabi_uldivmod.o) (__aeabi_ldiv0)
/home/susers/s225990/swiot/gcc-arm-none-eabi-4_9-2015q3/bin/../lib/gcc/arm-none-eabi/4.9.3/armv7e-m/fpu/libgcc.a(_divdi3.o)
                              /home/susers/s225990/swiot/gcc-arm-none-eabi-4_9-2015q3/bin/../lib/gcc/arm-none-eabi/4.9.3/armv7e-m/fpu/libgcc.a(bpabi.o) (__divdi3)
/home/susers/s225990/swiot/gcc-arm-none-eabi-4_9-2015q3/bin/../lib/gcc/arm-none-eabi/4.9.3/armv7e-m/fpu/libgcc.a(_udivdi3.o)
                              /home/susers/s225990/swiot/gcc-arm-none-eabi-4_9-2015q3/bin/../lib/gcc/arm-none-eabi/4.9.3/armv7e-m/fpu/libgcc.a(bpabi.o) (__udivdi3)

Allocating common symbols
Common symbol       size              file

nrf_nvic_state      0xc               _build/nrf52832_xxaa/app_util_platform.c.o
_SEGGER_RTT         0x78              _build/nrf52832_xxaa/SEGGER_RTT.c.o

Discarded input sections

 .text          0x00000000        0x0 /home/susers/s225990/swiot/gcc-arm-none-eabi-4_9-2015q3/bin/../lib/gcc/arm-none-eabi/4.9.3/armv7e-m/fpu/crti.o
 .data          0x00000000        0x0 /home/susers/s225990/swiot/gcc-arm-none-eabi-4_9-2015q3/bin/../lib/gcc/arm-none-eabi/4.9.3/armv7e-m/fpu/crti.o
 .bss           0x00000000        0x0 /home/susers/s225990/swiot/gcc-arm-none-eabi-4_9-2015q3/bin/../lib/gcc/arm-none-eabi/4.9.3/armv7e-m/fpu/crti.o
[...]
Memory Configuration

Name             Origin             Length             Attributes
FLASH            0x00023000         0x0005d000         xr
RAM              0x20001720         0x0000e8e0         xrw
*default*        0x00000000         0xffffffff

Linker script and memory map


.text           0x00023000     0x5ad0
 *(.isr_vector)
 .isr_vector    0x00023000      0x200 _build/nrf52832_xxaa/gcc_startup_nrf52.S.o
                0x00023000                __isr_vector
 *(.text*)
 .text          0x00023200       0x5c /home/susers/s225990/swiot/gcc-arm-none-eabi-4_9-2015q3/bin/../lib/gcc/arm-none-eabi/4.9.3/armv7e-m/fpu/crtbegin.o
 .text          0x0002325c       0x74 /home/susers/s225990/swiot/gcc-arm-none-eabi-4_9-2015q3/bin/../lib/gcc/arm-none-eabi/4.9.3/../../../../arm-none-eabi/lib/armv7e-m/fpu/crt0.o
                0x0002325c                _mainCRTStartup
                0x0002325c                _start
 .text.bsp_board_led_state_get
                0x000232d0       0x1c _build/nrf52832_xxaa/boards.c.o
                0x000232d0                bsp_board_led_state_get
 .text.bsp_board_led_on
                0x000232ec       0x18 _build/nrf52832_xxaa/boards.c.o
                0x000232ec                bsp_board_led_on
 .text.bsp_board_led_off
                0x00023304       0x18 _build/nrf52832_xxaa/boards.c.o
                0x00023304                bsp_board_led_off
 .text.bsp_board_leds_off
                0x0002331c       0x2c _build/nrf52832_xxaa/boards.c.o
                0x0002331c                bsp_board_leds_off
 .text.bsp_board_leds_on
                0x00023348       0x2c _build/nrf52832_xxaa/boards.c.o
                0x00023348                bsp_board_leds_on
 .text.bsp_board_led_invert
                0x00023374       0x24 _build/nrf52832_xxaa/boards.c.o
                0x00023374                bsp_board_led_invert
 .text.bsp_board_leds_init
                0x00023398       0x3c _build/nrf52832_xxaa/boards.c.o
                0x00023398                bsp_board_leds_init
 .text.bsp_board_pin_to_button_idx
                0x000233d4       0x24 _build/nrf52832_xxaa/boards.c.o
                0x000233d4                bsp_board_pin_to_button_idx
 .text.nrf_log_backend_rtt_flush
                0x000233f8        0x4 _build/nrf52832_xxaa/nrf_log_backend_rtt.c.o
 .text.nrf_log_backend_rtt_panic_set
                0x000233fc        0x4 _build/nrf52832_xxaa/nrf_log_backend_rtt.c.o
 .text.nrf_log_backend_rtt_put
                0x00023400       0x20 _build/nrf52832_xxaa/nrf_log_backend_rtt.c.o
 .text.serial_tx
                0x00023420       0x28 _build/nrf52832_xxaa/nrf_log_backend_rtt.c.o
 .text.nrf_log_backend_rtt_init
                0x00023448        0x4 _build/nrf52832_xxaa/nrf_log_backend_rtt.c.o
                0x00023448                nrf_log_backend_rtt_init
 .text.nrf_log_backend_serial_put
                0x0002344c       0xe0 _build/nrf52832_xxaa/nrf_log_backend_serial.c.o
                0x0002344c                nrf_log_backend_serial_put
 .text.nrf_log_default_backends_init
                0x0002352c       0x1c _build/nrf52832_xxaa/nrf_log_default_backends.c.o
                0x0002352c                nrf_log_default_backends_init
 .text.nrf_log_init
                0x00023548       0x58 _build/nrf52832_xxaa/nrf_log_frontend.c.o
                0x00023548                nrf_log_init
 .text.nrf_log_module_name_get
                0x000235a0       0x58 _build/nrf52832_xxaa/nrf_log_frontend.c.o
                0x000235a0                nrf_log_module_name_get
 .text.nrf_log_color_id_get
                0x000235f8       0x2c _build/nrf52832_xxaa/nrf_log_frontend.c.o
                0x000235f8                nrf_log_color_id_get
 .text.nrf_log_frontend_dequeue
                0x00023624      0x22c _build/nrf52832_xxaa/nrf_log_frontend.c.o
                0x00023624                nrf_log_frontend_dequeue
 .text.nrf_log_frontend_std_0
                0x00023850      0x17c _build/nrf52832_xxaa/nrf_log_frontend.c.o
                0x00023850                nrf_log_frontend_std_0
 .text.nrf_log_frontend_std_1
                0x000239cc      0x18c _build/nrf52832_xxaa/nrf_log_frontend.c.o
                0x000239cc                nrf_log_frontend_std_1
 .text.nrf_log_frontend_std_2
                0x00023b58      0x1a0 _build/nrf52832_xxaa/nrf_log_frontend.c.o
                0x00023b58                nrf_log_frontend_std_2
 .text.nrf_log_backend_add
                0x00023cf8       0x58 _build/nrf52832_xxaa/nrf_log_frontend.c.o
                0x00023cf8                nrf_log_backend_add
 .text.nrf_log_panic
                0x00023d50       0x28 _build/nrf52832_xxaa/nrf_log_frontend.c.o
                0x00023d50                nrf_log_panic
 .text.nrf_log_std_entry_process
                0x00023d78      0x130 _build/nrf52832_xxaa/nrf_log_str_formatter.c.o
                0x00023d78                nrf_log_std_entry_process
 .text.nrf_log_hexdump_entry_process
                0x00023ea8      0x124 _build/nrf52832_xxaa/nrf_log_str_formatter.c.o
                0x00023ea8                nrf_log_hexdump_entry_process
 .text.detection_delay_timeout_handler
                0x00023fcc       0xa4 _build/nrf52832_xxaa/app_button.c.o
 .text.gpiote_event_handler
                0x00024070       0x5c _build/nrf52832_xxaa/app_button.c.o
 .text.app_button_init
                0x000240cc       0xb0 _build/nrf52832_xxaa/app_button.c.o
                0x000240cc                app_button_init
 .text.app_button_enable
                0x0002417c       0x2c _build/nrf52832_xxaa/app_button.c.o
                0x0002417c                app_button_enable
 .text.app_error_handler_bare
                0x000241a8       0x20 _build/nrf52832_xxaa/app_error.c.o
                0x000241a8                app_error_handler_bare
 .text.app_error_fault_handler
                0x000241c8       0x68 _build/nrf52832_xxaa/app_error_weak.c.o
                0x000241c8                app_error_fault_handler
 .text.RTC1_IRQHandler
                0x00024230       0xa0 _build/nrf52832_xxaa/app_timer.c.o
                0x00024230                RTC1_IRQHandler
 .text.SWI0_EGU0_IRQHandler
                0x000242d0      0x610 _build/nrf52832_xxaa/app_timer.c.o
                0x000242d0                SWI0_EGU0_IRQHandler
 .text.app_timer_init
                0x000248e0      0x194 _build/nrf52832_xxaa/app_timer.c.o
                0x000248e0                app_timer_init
 .text.app_timer_create
                0x00024a74       0x24 _build/nrf52832_xxaa/app_timer.c.o
                0x00024a74                app_timer_create
 .text.app_timer_start
                0x00024a98       0xb4 _build/nrf52832_xxaa/app_timer.c.o
                0x00024a98                app_timer_start
 .text.app_timer_stop
                0x00024b4c       0x78 _build/nrf52832_xxaa/app_timer.c.o
                0x00024b4c                app_timer_stop
 .text.app_util_critical_region_enter
                0x00024bc4       0x50 _build/nrf52832_xxaa/app_util_platform.c.o
                0x00024bc4                app_util_critical_region_enter
 .text.app_util_critical_region_exit
                0x00024c14       0x30 _build/nrf52832_xxaa/app_util_platform.c.o
                0x00024c14                app_util_critical_region_exit
 .text.nrf_balloc_init
                0x00024c44       0x38 _build/nrf52832_xxaa/nrf_balloc.c.o
                0x00024c44                nrf_balloc_init
 .text.nrf_balloc_alloc
                0x00024c7c       0x50 _build/nrf52832_xxaa/nrf_balloc.c.o
                0x00024c7c                nrf_balloc_alloc
 .text.nrf_balloc_free
                0x00024ccc       0x38 _build/nrf52832_xxaa/nrf_balloc.c.o
                0x00024ccc                nrf_balloc_free
 .text.nrf_fprintf_buffer_flush
                0x00024d04       0x18 _build/nrf52832_xxaa/nrf_fprintf.c.o
                0x00024d04                nrf_fprintf_buffer_flush
 .text.nrf_fprintf
                0x00024d1c       0x20 _build/nrf52832_xxaa/nrf_fprintf.c.o
                0x00024d1c                nrf_fprintf
 .text.unsigned_print
                0x00024d3c      0x108 _build/nrf52832_xxaa/nrf_fprintf_format.c.o
 .text.nrf_fprintf_fmt
                0x00024e44      0x500 _build/nrf52832_xxaa/nrf_fprintf_format.c.o
                0x00024e44                nrf_fprintf_fmt
 .text.nrf_memobj_pool_init
                0x00025344        0x4 _build/nrf52832_xxaa/nrf_memobj.c.o
                0x00025344                nrf_memobj_pool_init
 .text.nrf_memobj_alloc
                0x00025348       0x8c _build/nrf52832_xxaa/nrf_memobj.c.o
                0x00025348                nrf_memobj_alloc
 .text.nrf_memobj_get
                0x000253d4       0x20 _build/nrf52832_xxaa/nrf_memobj.c.o
                0x000253d4                nrf_memobj_get
 .text.nrf_memobj_put
                0x000253f4       0x4c _build/nrf52832_xxaa/nrf_memobj.c.o
                0x000253f4                nrf_memobj_put
 .text.nrf_memobj_write
                0x00025440       0x50 _build/nrf52832_xxaa/nrf_memobj.c.o
                0x00025440                nrf_memobj_write
 .text.nrf_memobj_read
                0x00025490       0x50 _build/nrf52832_xxaa/nrf_memobj.c.o
                0x00025490                nrf_memobj_read
 .text.nrf_section_iter_init
                0x000254e0       0x14 _build/nrf52832_xxaa/nrf_section_iter.c.o
                0x000254e0                nrf_section_iter_init
 .text.nrf_section_iter_next
                0x000254f4       0x18 _build/nrf52832_xxaa/nrf_section_iter.c.o
                0x000254f4                nrf_section_iter_next
 .text.nrf_strerror_get
                0x0002550c       0x6c _build/nrf52832_xxaa/nrf_strerror.c.o
                0x0002550c                nrf_strerror_get
 .text.soc_evt_handler
                0x00025578       0x24 _build/nrf52832_xxaa/nrf_drv_clock.c.o
 .text.sd_state_evt_handler
                0x0002559c       0xc0 _build/nrf52832_xxaa/nrf_drv_clock.c.o
 .text.POWER_CLOCK_IRQHandler
                0x0002565c       0x84 _build/nrf52832_xxaa/nrf_drv_clock.c.o
                0x0002565c                POWER_CLOCK_IRQHandler
 .text.nrf_drv_common_irq_enable
                0x000256e0       0x50 _build/nrf52832_xxaa/nrf_drv_common.c.o
                0x000256e0                nrf_drv_common_irq_enable
 .text.nrf_drv_gpiote_init
                0x00025730       0x84 _build/nrf52832_xxaa/nrf_drv_gpiote.c.o
                0x00025730                nrf_drv_gpiote_init
 .text.nrf_drv_gpiote_is_init
                0x000257b4       0x14 _build/nrf52832_xxaa/nrf_drv_gpiote.c.o
                0x000257b4                nrf_drv_gpiote_is_init
 .text.nrf_drv_gpiote_in_init
                0x000257c8      0x194 _build/nrf52832_xxaa/nrf_drv_gpiote.c.o
                0x000257c8                nrf_drv_gpiote_in_init
 .text.nrf_drv_gpiote_in_event_enable
                0x0002595c       0xc4 _build/nrf52832_xxaa/nrf_drv_gpiote.c.o
                0x0002595c                nrf_drv_gpiote_in_event_enable
 .text.nrf_drv_gpiote_in_is_set
                0x00025a20       0x14 _build/nrf52832_xxaa/nrf_drv_gpiote.c.o
                0x00025a20                nrf_drv_gpiote_in_is_set
 .text.GPIOTE_IRQHandler
                0x00025a34      0x2c8 _build/nrf52832_xxaa/nrf_drv_gpiote.c.o
                0x00025a34                GPIOTE_IRQHandler
 .text.UARTE0_UART0_IRQHandler
                0x00025cfc      0x2fc _build/nrf52832_xxaa/nrf_drv_uart.c.o
                0x00025cfc                UARTE0_UART0_IRQHandler
 .text.alert_timer_handler
                0x00025ff8        0x8 _build/nrf52832_xxaa/bsp.c.o
 .text.bsp_button_event_handler
                0x00026000       0xa4 _build/nrf52832_xxaa/bsp.c.o
 .text.button_timer_handler
                0x000260a4       0x30 _build/nrf52832_xxaa/bsp.c.o
 .text.leds_timer_handler
                0x000260d4      0x2e8 _build/nrf52832_xxaa/bsp.c.o
 .text.bsp_indication_set
                0x000263bc      0x32c _build/nrf52832_xxaa/bsp.c.o
                0x000263bc                bsp_indication_set
 .text.bsp_init
                0x000266e8       0xb0 _build/nrf52832_xxaa/bsp.c.o
                0x000266e8                bsp_init
 .text.sd_app_evt_wait
                0x00026798        0x4 _build/nrf52832_xxaa/main.c.o
 .text.sd_ble_gap_adv_start
                0x0002679c        0x4 _build/nrf52832_xxaa/main.c.o
 .text.startup.main
                0x000267a0       0xfc _build/nrf52832_xxaa/main.c.o
                0x000267a0                main
 .text.SEGGER_RTT_WriteNoLock
                0x0002689c      0x18c _build/nrf52832_xxaa/SEGGER_RTT.c.o
                0x0002689c                SEGGER_RTT_WriteNoLock
 .text.SEGGER_RTT_Init
                0x00026a28       0x60 _build/nrf52832_xxaa/SEGGER_RTT.c.o
                0x00026a28                SEGGER_RTT_Init
 .text.sd_ble_gap_addr_get
                0x00026a88        0x4 _build/nrf52832_xxaa/ble_advdata.c.o
 .text.sd_ble_gap_adv_data_set
                0x00026a8c        0x4 _build/nrf52832_xxaa/ble_advdata.c.o
 .text.sd_ble_gap_appearance_get
                0x00026a90        0x4 _build/nrf52832_xxaa/ble_advdata.c.o
 .text.sd_ble_gap_device_name_get
                0x00026a94        0x4 _build/nrf52832_xxaa/ble_advdata.c.o
 .text.sd_ble_uuid_encode
                0x00026a98        0x4 _build/nrf52832_xxaa/ble_advdata.c.o
 .text.name_encode
                0x00026a9c       0x90 _build/nrf52832_xxaa/ble_advdata.c.o
 .text.uuid_list_sized_encode
                0x00026b2c       0xc0 _build/nrf52832_xxaa/ble_advdata.c.o
 .text.ble_advdata_encode
                0x00026bec      0x37c _build/nrf52832_xxaa/ble_advdata.c.o
                0x00026bec                ble_advdata_encode
 .text.ble_advdata_set
                0x00026f68      0x460 _build/nrf52832_xxaa/ble_advdata.c.o
                0x00026f68                ble_advdata_set
 .text          0x000273c8       0x3c _build/nrf52832_xxaa/gcc_startup_nrf52.S.o
                0x000273c8                Reset_Handler
                0x000273f0                NMI_Handler
                0x000273f2                HardFault_Handler
                0x000273f4                MemoryManagement_Handler
                0x000273f6                BusFault_Handler
                0x000273f8                UsageFault_Handler
                0x000273fa                SVC_Handler
                0x000273fc                DebugMon_Handler
                0x000273fe                PendSV_Handler
                0x00027400                SysTick_Handler
                0x00027402                TIMER2_IRQHandler
                0x00027402                RTC0_IRQHandler
                0x00027402                PWM1_IRQHandler
                0x00027402                RADIO_IRQHandler
                0x00027402                PDM_IRQHandler
                0x00027402                TEMP_IRQHandler
                0x00027402                QDEC_IRQHandler
                0x00027402                TIMER3_IRQHandler
                0x00027402                FPU_IRQHandler
                0x00027402                SPIM0_SPIS0_TWIM0_TWIS0_SPI0_TWI0_IRQHandler
                0x00027402                TIMER4_IRQHandler
                0x00027402                I2S_IRQHandler
                0x00027402                SWI4_EGU4_IRQHandler
                0x00027402                TIMER0_IRQHandler
                0x00027402                TIMER1_IRQHandler
                0x00027402                PWM2_IRQHandler
                0x00027402                ECB_IRQHandler
                0x00027402                SPIM1_SPIS1_TWIM1_TWIS1_SPI1_TWI1_IRQHandler
                0x00027402                Default_Handler
                0x00027402                SAADC_IRQHandler
                0x00027402                CCM_AAR_IRQHandler
                0x00027402                WDT_IRQHandler
                0x00027402                SWI5_EGU5_IRQHandler
                0x00027402                RNG_IRQHandler
                0x00027402                RTC2_IRQHandler
                0x00027402                PWM0_IRQHandler
                0x00027402                SWI3_EGU3_IRQHandler
                0x00027402                SWI1_EGU1_IRQHandler
                0x00027402                SPIM2_SPIS2_SPI2_IRQHandler
                0x00027402                NFCT_IRQHandler
                0x00027402                MWU_IRQHandler
                0x00027402                COMP_LPCOMP_IRQHandler
 .text.SystemInit
                0x00027404      0x384 _build/nrf52832_xxaa/system_nrf52.c.o
                0x00027404                SystemInit
 .text.sd_softdevice_enable
                0x00027788        0x4 _build/nrf52832_xxaa/nrf_sdh.c.o
 .text.nrf_sdh_enable_request
                0x0002778c       0xfc _build/nrf52832_xxaa/nrf_sdh.c.o
                0x0002778c                nrf_sdh_enable_request
 .text.nrf_sdh_is_enabled
                0x00027888        0xc _build/nrf52832_xxaa/nrf_sdh.c.o
                0x00027888                nrf_sdh_is_enabled
 .text.SWI2_EGU2_IRQHandler
                0x00027894       0x2c _build/nrf52832_xxaa/nrf_sdh.c.o
                0x00027894                SWI2_EGU2_IRQHandler
 .text.sd_ble_enable
                0x000278c0        0x4 _build/nrf52832_xxaa/nrf_sdh_ble.c.o
 .text.sd_ble_cfg_set
                0x000278c4        0x4 _build/nrf52832_xxaa/nrf_sdh_ble.c.o
 .text.sd_ble_evt_get
                0x000278c8        0x4 _build/nrf52832_xxaa/nrf_sdh_ble.c.o
 .text.nrf_sdh_ble_evts_poll
                0x000278cc       0x4c _build/nrf52832_xxaa/nrf_sdh_ble.c.o
 .text.nrf_sdh_ble_default_cfg_set
                0x00027918      0x164 _build/nrf52832_xxaa/nrf_sdh_ble.c.o
                0x00027918                nrf_sdh_ble_default_cfg_set
 .text.nrf_sdh_ble_enable
                0x00027a7c       0x74 _build/nrf52832_xxaa/nrf_sdh_ble.c.o
                0x00027a7c                nrf_sdh_ble_enable
 .text.sd_evt_get
                0x00027af0        0x4 _build/nrf52832_xxaa/nrf_sdh_soc.c.o
 .text.nrf_sdh_soc_evts_poll
                0x00027af4       0x4c _build/nrf52832_xxaa/nrf_sdh_soc.c.o
 .text.exit     0x00027b40       0x28 /home/susers/s225990/swiot/gcc-arm-none-eabi-4_9-2015q3/bin/../lib/gcc/arm-none-eabi/4.9.3/../../../../arm-none-eabi/lib/armv7e-m/fpu/libc_nano.a(lib_a-exit.o)
                0x00027b40                exit
 .text.__libc_init_array
                0x00027b68       0x4c /home/susers/s225990/swiot/gcc-arm-none-eabi-4_9-2015q3/bin/../lib/gcc/arm-none-eabi/4.9.3/../../../../arm-none-eabi/lib/armv7e-m/fpu/libc_nano.a(lib_a-init.o)
                0x00027b68                __libc_init_array
 .text.memcpy   0x00027bb4       0x16 /home/susers/s225990/swiot/gcc-arm-none-eabi-4_9-2015q3/bin/../lib/gcc/arm-none-eabi/4.9.3/../../../../arm-none-eabi/lib/armv7e-m/fpu/libc_nano.a(lib_a-memcpy.o)
                0x00027bb4                memcpy
 .text.memset   0x00027bca       0x10 /home/susers/s225990/swiot/gcc-arm-none-eabi-4_9-2015q3/bin/../lib/gcc/arm-none-eabi/4.9.3/../../../../arm-none-eabi/lib/armv7e-m/fpu/libc_nano.a(lib_a-memset.o)
                0x00027bca                memset
 .text.strcpy   0x00027bda       0x10 /home/susers/s225990/swiot/gcc-arm-none-eabi-4_9-2015q3/bin/../lib/gcc/arm-none-eabi/4.9.3/../../../../arm-none-eabi/lib/armv7e-m/fpu/libc_nano.a(lib_a-strcpy.o)
                0x00027bda                strcpy
 .text.strlen   0x00027bea       0x10 /home/susers/s225990/swiot/gcc-arm-none-eabi-4_9-2015q3/bin/../lib/gcc/arm-none-eabi/4.9.3/../../../../arm-none-eabi/lib/armv7e-m/fpu/libc_nano.a(lib_a-strlen.o)
                0x00027bea                strlen
 *fill*         0x00027bfa        0x2 
 .text._exit    0x00027bfc        0x4 /home/susers/s225990/swiot/gcc-arm-none-eabi-4_9-2015q3/bin/../lib/gcc/arm-none-eabi/4.9.3/../../../../arm-none-eabi/lib/armv7e-m/fpu/libnosys.a(_exit.o)
                0x00027bfc                _exit
 .text          0x00027c00       0x30 /home/susers/s225990/swiot/gcc-arm-none-eabi-4_9-2015q3/bin/../lib/gcc/arm-none-eabi/4.9.3/armv7e-m/fpu/libgcc.a(_aeabi_uldivmod.o)
                0x00027c00                __aeabi_uldivmod
 .text          0x00027c30       0x60 /home/susers/s225990/swiot/gcc-arm-none-eabi-4_9-2015q3/bin/../lib/gcc/arm-none-eabi/4.9.3/armv7e-m/fpu/libgcc.a(bpabi.o)
                0x00027c30                __gnu_ldivmod_helper
                0x00027c60                __gnu_uldivmod_helper
 .text          0x00027c90        0x4 /home/susers/s225990/swiot/gcc-arm-none-eabi-4_9-2015q3/bin/../lib/gcc/arm-none-eabi/4.9.3/armv7e-m/fpu/libgcc.a(_dvmd_tls.o)
                0x00027c90                __aeabi_ldiv0
                0x00027c90                __aeabi_idiv0
 .text          0x00027c94      0x29c /home/susers/s225990/swiot/gcc-arm-none-eabi-4_9-2015q3/bin/../lib/gcc/arm-none-eabi/4.9.3/armv7e-m/fpu/libgcc.a(_divdi3.o)
                0x00027c94                __divdi3
 .text          0x00027f30      0x26c /home/susers/s225990/swiot/gcc-arm-none-eabi-4_9-2015q3/bin/../lib/gcc/arm-none-eabi/4.9.3/armv7e-m/fpu/libgcc.a(_udivdi3.o)
                0x00027f30                __udivdi3
 *(.init)
 .init          0x0002819c        0x4 /home/susers/s225990/swiot/gcc-arm-none-eabi-4_9-2015q3/bin/../lib/gcc/arm-none-eabi/4.9.3/armv7e-m/fpu/crti.o
                0x0002819c                _init
 .init          0x000281a0        0x8 /home/susers/s225990/swiot/gcc-arm-none-eabi-4_9-2015q3/bin/../lib/gcc/arm-none-eabi/4.9.3/armv7e-m/fpu/crtn.o
 *(.fini)
 .fini          0x000281a8        0x4 /home/susers/s225990/swiot/gcc-arm-none-eabi-4_9-2015q3/bin/../lib/gcc/arm-none-eabi/4.9.3/armv7e-m/fpu/crti.o
                0x000281a8                _fini
 .fini          0x000281ac        0x8 /home/susers/s225990/swiot/gcc-arm-none-eabi-4_9-2015q3/bin/../lib/gcc/arm-none-eabi/4.9.3/armv7e-m/fpu/crtn.o
 *crtbegin.o(.ctors)
 *crtbegin?.o(.ctors)
 *(EXCLUDE_FILE(*crtend.o *crtend?.o) .ctors)
 *(SORT(.ctors.*))
 *(.ctors)
 *crtbegin.o(.dtors)
 *crtbegin?.o(.dtors)
 *(EXCLUDE_FILE(*crtend.o *crtend?.o) .dtors)
 *(SORT(.dtors.*))
 *(.dtors)
 *(.rodata*)
 .rodata.m_board_led_list
                0x000281b4        0x4 _build/nrf52832_xxaa/boards.c.o
 .rodata.nrf_log_backend_rtt_api
                0x000281b8        0xc _build/nrf52832_xxaa/nrf_log_backend_rtt.c.o
                0x000281b8                nrf_log_backend_rtt_api
 .rodata.str1.4
                0x000281c4        0x4 _build/nrf52832_xxaa/nrf_log_frontend.c.o
 .rodata.mempool
                0x000281c8       0x14 _build/nrf52832_xxaa/nrf_log_frontend.c.o
 .rodata.severity_names
                0x000281dc       0x14 _build/nrf52832_xxaa/nrf_log_str_formatter.c.o
 .rodata.m_colors
                0x000281f0       0x24 _build/nrf52832_xxaa/nrf_log_str_formatter.c.o
 .rodata.str1.4
                0x00028214       0x8e _build/nrf52832_xxaa/nrf_log_str_formatter.c.o
                                 0x92 (size before relaxing)
 *fill*         0x000282a2        0x2 
 .rodata.m_detection_delay_timer_id
                0x000282a4        0x4 _build/nrf52832_xxaa/app_button.c.o
 .rodata.str1.4
                0x000282a8       0x19 _build/nrf52832_xxaa/app_error_weak.c.o
 *fill*         0x000282c1        0x3 
 .rodata.str1.4
                0x000282c4        0x7 _build/nrf52832_xxaa/nrf_balloc.c.o
 *fill*         0x000282cb        0x1 
 .rodata._aV2C.6815
                0x000282cc       0x10 _build/nrf52832_xxaa/nrf_fprintf_format.c.o
 .rodata.str1.4
                0x000282dc        0x9 _build/nrf52832_xxaa/nrf_pwr_mgmt.c.o
 *fill*         0x000282e5        0x3 
 .rodata.str1.4
                0x000282e8      0x308 _build/nrf52832_xxaa/nrf_strerror.c.o
 .rodata.nrf_strerror_array
                0x000285f0       0xf0 _build/nrf52832_xxaa/nrf_strerror.c.o
 .rodata.m_unknown_str
                0x000286e0       0x13 _build/nrf52832_xxaa/nrf_strerror.c.o
 *fill*         0x000286f3        0x1 
 .rodata.str1.4
                0x000286f4        0x6 _build/nrf52832_xxaa/nrf_drv_clock.c.o
 *fill*         0x000286fa        0x2 
 .rodata.str1.4
                0x000286fc        0x7 _build/nrf52832_xxaa/nrf_drv_gpiote.c.o
 *fill*         0x00028703        0x1 
 .rodata.str1.4
                0x00028704        0x5 _build/nrf52832_xxaa/nrf_drv_uart.c.o
 *fill*         0x00028709        0x3 
 .rodata.m_button_timer_id
                0x0002870c        0x4 _build/nrf52832_xxaa/bsp.c.o
 .rodata.m_leds_timer_id
                0x00028710        0x4 _build/nrf52832_xxaa/bsp.c.o
 .rodata.app_buttons
                0x00028714       0x20 _build/nrf52832_xxaa/bsp.c.o
 .rodata.m_alert_timer_id
                0x00028734        0x4 _build/nrf52832_xxaa/bsp.c.o
 .rodata.str1.4
                0x00028738       0x18 _build/nrf52832_xxaa/main.c.o
 .rodata.str1.4
                0x00028750       0x17 _build/nrf52832_xxaa/SEGGER_RTT.c.o
 *fill*         0x00028767        0x1 
 .rodata        0x00028768        0x4 _build/nrf52832_xxaa/nrf_sdh.c.o
 .rodata.sdh_req_observers
                0x0002876c        0xc _build/nrf52832_xxaa/nrf_sdh.c.o
 .rodata.sdh_state_observers
                0x00028778        0xc _build/nrf52832_xxaa/nrf_sdh.c.o
 .rodata.str1.4
                0x00028784        0x8 _build/nrf52832_xxaa/nrf_sdh.c.o
 .rodata.sdh_stack_observers
                0x0002878c        0xc _build/nrf52832_xxaa/nrf_sdh.c.o
 .rodata.sdh_ble_observers
                0x00028798        0xc _build/nrf52832_xxaa/nrf_sdh_ble.c.o
 .rodata.str1.4
                0x000287a4      0x208 _build/nrf52832_xxaa/nrf_sdh_ble.c.o
 .rodata.sdh_soc_observers
                0x000289ac        0xc _build/nrf52832_xxaa/nrf_sdh_soc.c.o
 .rodata.str1.4
                0x000289b8        0xc _build/nrf52832_xxaa/nrf_sdh_soc.c.o
 .rodata._ctype_
                0x000289c4      0x101 /home/susers/s225990/swiot/gcc-arm-none-eabi-4_9-2015q3/bin/../lib/gcc/arm-none-eabi/4.9.3/../../../../arm-none-eabi/lib/armv7e-m/fpu/libc_nano.a(lib_a-ctype_.o)
                0x000289c4                _ctype_
 .rodata.str1.1
                0x00028ac5        0x2 /home/susers/s225990/swiot/gcc-arm-none-eabi-4_9-2015q3/bin/../lib/gcc/arm-none-eabi/4.9.3/../../../../arm-none-eabi/lib/armv7e-m/fpu/libc_nano.a(lib_a-impure.o)
 *fill*         0x00028ac7        0x1 
 .rodata._global_impure_ptr
                0x00028ac8        0x4 /home/susers/s225990/swiot/gcc-arm-none-eabi-4_9-2015q3/bin/../lib/gcc/arm-none-eabi/4.9.3/../../../../arm-none-eabi/lib/armv7e-m/fpu/libc_nano.a(lib_a-impure.o)
                0x00028ac8                _global_impure_ptr
 *(.eh_frame*)
 .eh_frame      0x00028acc        0x0 /home/susers/s225990/swiot/gcc-arm-none-eabi-4_9-2015q3/bin/../lib/gcc/arm-none-eabi/4.9.3/armv7e-m/fpu/crtbegin.o
 .eh_frame      0x00028acc        0x4 /home/susers/s225990/swiot/gcc-arm-none-eabi-4_9-2015q3/bin/../lib/gcc/arm-none-eabi/4.9.3/armv7e-m/fpu/crtend.o

.glue_7         0x00028ad0        0x0
 .glue_7        0x00000000        0x0 linker stubs

.glue_7t        0x00028ad0        0x0
 .glue_7t       0x00000000        0x0 linker stubs

.vfp11_veneer   0x00028ad0        0x0
 .vfp11_veneer  0x00000000        0x0 linker stubs

.v4_bx          0x00028ad0        0x0
 .v4_bx         0x00000000        0x0 linker stubs

.iplt           0x00028ad0        0x0
 .iplt          0x00000000        0x0 /home/susers/s225990/swiot/gcc-arm-none-eabi-4_9-2015q3/bin/../lib/gcc/arm-none-eabi/4.9.3/armv7e-m/fpu/crtbegin.o

.mem_section_dummy_rom

.sdh_soc_observers
                0x00028ad0        0x8
                0x00028ad0                PROVIDE (__start_sdh_soc_observers, .)
 *(SORT(.sdh_soc_observers*))
 .sdh_soc_observers0
                0x00028ad0        0x8 _build/nrf52832_xxaa/nrf_drv_clock.c.o
                0x00028ad8                PROVIDE (__stop_sdh_soc_observers, .)

.sdh_ble_observers
                0x00028ad8        0x0
                0x00028ad8                PROVIDE (__start_sdh_ble_observers, .)
 *(SORT(.sdh_ble_observers*))
                0x00028ad8                PROVIDE (__stop_sdh_ble_observers, .)

.pwr_mgmt_data  0x00028ad8        0x0
                0x00028ad8                PROVIDE (__start_pwr_mgmt_data, .)
 *(SORT(.pwr_mgmt_data*))
                0x00028ad8                PROVIDE (__stop_pwr_mgmt_data, .)

.log_const_data
                0x00028ad8       0x48
                0x00028ad8                PROVIDE (__start_log_const_data, .)
 *(SORT(.log_const_data*))
 .log_const_data_app
                0x00028ad8        0x8 _build/nrf52832_xxaa/nrf_log_frontend.c.o
                0x00028ad8                m_nrf_log_app_logs_data_const
 .log_const_data_balloc
                0x00028ae0        0x8 _build/nrf52832_xxaa/nrf_balloc.c.o
                0x00028ae0                m_nrf_log_balloc_logs_data_const
 .log_const_data_clock
                0x00028ae8        0x8 _build/nrf52832_xxaa/nrf_drv_clock.c.o
                0x00028ae8                m_nrf_log_clock_logs_data_const
 .log_const_data_gpiote
                0x00028af0        0x8 _build/nrf52832_xxaa/nrf_drv_gpiote.c.o
                0x00028af0                m_nrf_log_gpiote_logs_data_const
 .log_const_data_nrf_sdh
                0x00028af8        0x8 _build/nrf52832_xxaa/nrf_sdh.c.o
                0x00028af8                m_nrf_log_nrf_sdh_logs_data_const
 .log_const_data_nrf_sdh_ble
                0x00028b00        0x8 _build/nrf52832_xxaa/nrf_sdh_ble.c.o
                0x00028b00                m_nrf_log_nrf_sdh_ble_logs_data_const
 .log_const_data_nrf_sdh_soc
                0x00028b08        0x8 _build/nrf52832_xxaa/nrf_sdh_soc.c.o
                0x00028b08                m_nrf_log_nrf_sdh_soc_logs_data_const
 .log_const_data_pwr_mgmt
                0x00028b10        0x8 _build/nrf52832_xxaa/nrf_pwr_mgmt.c.o
                0x00028b10                m_nrf_log_pwr_mgmt_logs_data_const
 .log_const_data_uart
                0x00028b18        0x8 _build/nrf52832_xxaa/nrf_drv_uart.c.o
                0x00028b18                m_nrf_log_uart_logs_data_const
                0x00028b20                PROVIDE (__stop_log_const_data, .)

.sdh_req_observers
                0x00028b20        0x0
                0x00028b20                PROVIDE (__start_sdh_req_observers, .)
 *(SORT(.sdh_req_observers*))
                0x00028b20                PROVIDE (__stop_sdh_req_observers, .)

.sdh_state_observers
                0x00028b20        0x8
                0x00028b20                PROVIDE (__start_sdh_state_observers, .)
 *(SORT(.sdh_state_observers*))
 .sdh_state_observers0
                0x00028b20        0x8 _build/nrf52832_xxaa/nrf_drv_clock.c.o
                0x00028b28                PROVIDE (__stop_sdh_state_observers, .)

.sdh_stack_observers
                0x00028b28       0x10
                0x00028b28                PROVIDE (__start_sdh_stack_observers, .)
 *(SORT(.sdh_stack_observers*))
 .sdh_stack_observers0
                0x00028b28        0x8 _build/nrf52832_xxaa/nrf_sdh_ble.c.o
 .sdh_stack_observers0
                0x00028b30        0x8 _build/nrf52832_xxaa/nrf_sdh_soc.c.o
                0x00028b38                PROVIDE (__stop_sdh_stack_observers, .)

.cli_command    0x00028b38        0x0
                0x00028b38                PROVIDE (__start_cli_command, .)
 *(.cli_command)
                0x00028b38                PROVIDE (__stop_cli_command, .)

.ARM.extab
 *(.ARM.extab* .gnu.linkonce.armextab.*)
                0x00028b38                __exidx_start = .

.ARM.exidx      0x00028b38        0x8
 *(.ARM.exidx* .gnu.linkonce.armexidx.*)
 .ARM.exidx     0x00028b38        0x8 /home/susers/s225990/swiot/gcc-arm-none-eabi-4_9-2015q3/bin/../lib/gcc/arm-none-eabi/4.9.3/../../../../arm-none-eabi/lib/armv7e-m/fpu/crt0.o
 .ARM.exidx     0x00028b40        0x0 /home/susers/s225990/swiot/gcc-arm-none-eabi-4_9-2015q3/bin/../lib/gcc/arm-none-eabi/4.9.3/armv7e-m/fpu/libgcc.a(_divdi3.o)
                                  0x8 (size before relaxing)
 .ARM.exidx     0x00028b40        0x0 /home/susers/s225990/swiot/gcc-arm-none-eabi-4_9-2015q3/bin/../lib/gcc/arm-none-eabi/4.9.3/armv7e-m/fpu/libgcc.a(_udivdi3.o)
                                  0x8 (size before relaxing)
                0x00028b40                __exidx_end = .
                0x00028b40                __etext = .

.rel.dyn        0x00028b40        0x0
 .rel.iplt      0x00000000        0x0 /home/susers/s225990/swiot/gcc-arm-none-eabi-4_9-2015q3/bin/../lib/gcc/arm-none-eabi/4.9.3/armv7e-m/fpu/crtbegin.o

.data           0x20001720       0x98 load address 0x00028b40
                0x20001720                __data_start__ = .
 *(vtable)
 *(.data*)
 .data.rtt_log_backend
                0x20001720        0xc _build/nrf52832_xxaa/nrf_log_default_backends.c.o
 .data.m_beacon_info
                0x2000172c       0x17 _build/nrf52832_xxaa/main.c.o
 *fill*         0x20001743        0x1 
 .data.SystemCoreClock
                0x20001744        0x4 _build/nrf52832_xxaa/system_nrf52.c.o
                0x20001744                SystemCoreClock
 .data.__ctype_ptr__
                0x20001748        0x4 /home/susers/s225990/swiot/gcc-arm-none-eabi-4_9-2015q3/bin/../lib/gcc/arm-none-eabi/4.9.3/../../../../arm-none-eabi/lib/armv7e-m/fpu/libc_nano.a(lib_a-ctype_.o)
                0x20001748                __ctype_ptr__
 .data.impure_data
                0x2000174c       0x60 /home/susers/s225990/swiot/gcc-arm-none-eabi-4_9-2015q3/bin/../lib/gcc/arm-none-eabi/4.9.3/../../../../arm-none-eabi/lib/armv7e-m/fpu/libc_nano.a(lib_a-impure.o)
                0x200017ac                . = ALIGN (0x4)
                0x200017ac                PROVIDE (__preinit_array_start, .)
 *(.preinit_array)
                0x200017ac                PROVIDE (__preinit_array_end, .)
                0x200017ac                . = ALIGN (0x4)
                0x200017ac                PROVIDE (__init_array_start, .)
 *(SORT(.init_array.*))
 *(.init_array)
 .init_array    0x200017ac        0x4 /home/susers/s225990/swiot/gcc-arm-none-eabi-4_9-2015q3/bin/../lib/gcc/arm-none-eabi/4.9.3/armv7e-m/fpu/crtbegin.o
                0x200017b0                PROVIDE (__init_array_end, .)
                0x200017b0                . = ALIGN (0x4)
                0x200017b0                PROVIDE (__fini_array_start, .)
 *(SORT(.fini_array.*))
 *(.fini_array)
 .fini_array    0x200017b0        0x4 /home/susers/s225990/swiot/gcc-arm-none-eabi-4_9-2015q3/bin/../lib/gcc/arm-none-eabi/4.9.3/armv7e-m/fpu/crtbegin.o
                0x200017b4                PROVIDE (__fini_array_end, .)
 *(.jcr*)
 .jcr           0x200017b4        0x0 /home/susers/s225990/swiot/gcc-arm-none-eabi-4_9-2015q3/bin/../lib/gcc/arm-none-eabi/4.9.3/armv7e-m/fpu/crtbegin.o
 .jcr           0x200017b4        0x4 /home/susers/s225990/swiot/gcc-arm-none-eabi-4_9-2015q3/bin/../lib/gcc/arm-none-eabi/4.9.3/armv7e-m/fpu/crtend.o
                0x200017b8                . = ALIGN (0x4)
                0x200017b8                __data_end__ = .
LOAD /home/susers/s225990/swiot/gcc-arm-none-eabi-4_9-2015q3/bin/../lib/gcc/arm-none-eabi/4.9.3/armv7e-m/fpu/crti.o
LOAD /home/susers/s225990/swiot/gcc-arm-none-eabi-4_9-2015q3/bin/../lib/gcc/arm-none-eabi/4.9.3/armv7e-m/fpu/crtbegin.o
LOAD /home/susers/s225990/swiot/gcc-arm-none-eabi-4_9-2015q3/bin/../lib/gcc/arm-none-eabi/4.9.3/../../../../arm-none-eabi/lib/armv7e-m/fpu/crt0.o
LOAD _build/nrf52832_xxaa/boards.c.o
LOAD _build/nrf52832_xxaa/nrf_log_backend_rtt.c.o
LOAD _build/nrf52832_xxaa/nrf_log_backend_serial.c.o
LOAD _build/nrf52832_xxaa/nrf_log_backend_uart.c.o
LOAD _build/nrf52832_xxaa/nrf_log_default_backends.c.o
LOAD _build/nrf52832_xxaa/nrf_log_frontend.c.o
LOAD _build/nrf52832_xxaa/nrf_log_str_formatter.c.o
LOAD _build/nrf52832_xxaa/app_button.c.o
LOAD _build/nrf52832_xxaa/app_error.c.o
LOAD _build/nrf52832_xxaa/app_error_weak.c.o
LOAD _build/nrf52832_xxaa/app_scheduler.c.o
LOAD _build/nrf52832_xxaa/app_timer.c.o
LOAD _build/nrf52832_xxaa/app_util_platform.c.o
LOAD _build/nrf52832_xxaa/hardfault_implementation.c.o
LOAD _build/nrf52832_xxaa/nrf_assert.c.o
LOAD _build/nrf52832_xxaa/nrf_atfifo.c.o
LOAD _build/nrf52832_xxaa/nrf_balloc.c.o
LOAD _build/nrf52832_xxaa/nrf_fprintf.c.o
LOAD _build/nrf52832_xxaa/nrf_fprintf_format.c.o
LOAD _build/nrf52832_xxaa/nrf_memobj.c.o
LOAD _build/nrf52832_xxaa/nrf_pwr_mgmt.c.o
LOAD _build/nrf52832_xxaa/nrf_section_iter.c.o
LOAD _build/nrf52832_xxaa/nrf_strerror.c.o
LOAD _build/nrf52832_xxaa/nrf_drv_clock.c.o
LOAD _build/nrf52832_xxaa/nrf_drv_common.c.o
LOAD _build/nrf52832_xxaa/nrf_drv_gpiote.c.o
LOAD _build/nrf52832_xxaa/nrf_drv_uart.c.o
LOAD _build/nrf52832_xxaa/bsp.c.o
LOAD _build/nrf52832_xxaa/bsp_nfc.c.o
LOAD _build/nrf52832_xxaa/main.c.o
LOAD _build/nrf52832_xxaa/SEGGER_RTT.c.o
LOAD _build/nrf52832_xxaa/SEGGER_RTT_Syscalls_GCC.c.o
LOAD _build/nrf52832_xxaa/SEGGER_RTT_printf.c.o
LOAD _build/nrf52832_xxaa/ble_advdata.c.o
LOAD _build/nrf52832_xxaa/ble_srv_common.c.o
LOAD _build/nrf52832_xxaa/gcc_startup_nrf52.S.o
LOAD _build/nrf52832_xxaa/system_nrf52.c.o
LOAD _build/nrf52832_xxaa/nrf_sdh.c.o
LOAD _build/nrf52832_xxaa/nrf_sdh_ble.c.o
LOAD _build/nrf52832_xxaa/nrf_sdh_soc.c.o
LOAD _build/nrf52832_xxaa/nrf_ble_gatt.c.o
LOAD /home/susers/s225990/swiot/gcc-arm-none-eabi-4_9-2015q3/bin/../lib/gcc/arm-none-eabi/4.9.3/../../../../arm-none-eabi/lib/armv7e-m/fpu/libc_nano.a
LOAD /home/susers/s225990/swiot/gcc-arm-none-eabi-4_9-2015q3/bin/../lib/gcc/arm-none-eabi/4.9.3/../../../../arm-none-eabi/lib/armv7e-m/fpu/libnosys.a
LOAD /home/susers/s225990/swiot/gcc-arm-none-eabi-4_9-2015q3/bin/../lib/gcc/arm-none-eabi/4.9.3/../../../../arm-none-eabi/lib/armv7e-m/fpu/libm.a
START GROUP
LOAD /home/susers/s225990/swiot/gcc-arm-none-eabi-4_9-2015q3/bin/../lib/gcc/arm-none-eabi/4.9.3/armv7e-m/fpu/libgcc.a
LOAD /home/susers/s225990/swiot/gcc-arm-none-eabi-4_9-2015q3/bin/../lib/gcc/arm-none-eabi/4.9.3/../../../../arm-none-eabi/lib/armv7e-m/fpu/libg_nano.a
LOAD /home/susers/s225990/swiot/gcc-arm-none-eabi-4_9-2015q3/bin/../lib/gcc/arm-none-eabi/4.9.3/../../../../arm-none-eabi/lib/armv7e-m/fpu/libc_nano.a
END GROUP
START GROUP
LOAD /home/susers/s225990/swiot/gcc-arm-none-eabi-4_9-2015q3/bin/../lib/gcc/arm-none-eabi/4.9.3/armv7e-m/fpu/libgcc.a
LOAD /home/susers/s225990/swiot/gcc-arm-none-eabi-4_9-2015q3/bin/../lib/gcc/arm-none-eabi/4.9.3/../../../../arm-none-eabi/lib/armv7e-m/fpu/libc_nano.a
END GROUP
LOAD /home/susers/s225990/swiot/gcc-arm-none-eabi-4_9-2015q3/bin/../lib/gcc/arm-none-eabi/4.9.3/armv7e-m/fpu/crtend.o
LOAD /home/susers/s225990/swiot/gcc-arm-none-eabi-4_9-2015q3/bin/../lib/gcc/arm-none-eabi/4.9.3/armv7e-m/fpu/crtn.o
START GROUP
LOAD /home/susers/s225990/swiot/gcc-arm-none-eabi-4_9-2015q3/bin/../lib/gcc/arm-none-eabi/4.9.3/armv7e-m/fpu/libgcc.a
LOAD /home/susers/s225990/swiot/gcc-arm-none-eabi-4_9-2015q3/bin/../lib/gcc/arm-none-eabi/4.9.3/../../../../arm-none-eabi/lib/armv7e-m/fpu/libc.a
LOAD /home/susers/s225990/swiot/gcc-arm-none-eabi-4_9-2015q3/bin/../lib/gcc/arm-none-eabi/4.9.3/../../../../arm-none-eabi/lib/armv7e-m/fpu/libnosys.a
END GROUP

.igot.plt       0x200017b8        0x0 load address 0x00028bd8
 .igot.plt      0x00000000        0x0 /home/susers/s225990/swiot/gcc-arm-none-eabi-4_9-2015q3/bin/../lib/gcc/arm-none-eabi/4.9.3/armv7e-m/fpu/crtbegin.o
                0x200017b8                . = ALIGN (0x4)

.mem_section_dummy_ram

.log_dynamic_data
                0x200017b8       0x6c load address 0x00028bd8
                0x200017b8                PROVIDE (__start_log_dynamic_data, .)
 *(SORT(.log_dynamic_data*))
 .log_dynamic_data_app
                0x200017b8        0xc _build/nrf52832_xxaa/nrf_log_frontend.c.o
                0x200017b8                m_nrf_log_app_logs_data_dynamic
 .log_dynamic_data_balloc
                0x200017c4        0xc _build/nrf52832_xxaa/nrf_balloc.c.o
                0x200017c4                m_nrf_log_balloc_logs_data_dynamic
 .log_dynamic_data_clock
                0x200017d0        0xc _build/nrf52832_xxaa/nrf_drv_clock.c.o
                0x200017d0                m_nrf_log_clock_logs_data_dynamic
 .log_dynamic_data_gpiote
                0x200017dc        0xc _build/nrf52832_xxaa/nrf_drv_gpiote.c.o
                0x200017dc                m_nrf_log_gpiote_logs_data_dynamic
 .log_dynamic_data_nrf_sdh
                0x200017e8        0xc _build/nrf52832_xxaa/nrf_sdh.c.o
                0x200017e8                m_nrf_log_nrf_sdh_logs_data_dynamic
 .log_dynamic_data_nrf_sdh_ble
                0x200017f4        0xc _build/nrf52832_xxaa/nrf_sdh_ble.c.o
                0x200017f4                m_nrf_log_nrf_sdh_ble_logs_data_dynamic
 .log_dynamic_data_nrf_sdh_soc
                0x20001800        0xc _build/nrf52832_xxaa/nrf_sdh_soc.c.o
                0x20001800                m_nrf_log_nrf_sdh_soc_logs_data_dynamic
 .log_dynamic_data_pwr_mgmt
                0x2000180c        0xc _build/nrf52832_xxaa/nrf_pwr_mgmt.c.o
                0x2000180c                m_nrf_log_pwr_mgmt_logs_data_dynamic
 .log_dynamic_data_uart
                0x20001818        0xc _build/nrf52832_xxaa/nrf_drv_uart.c.o
                0x20001818                m_nrf_log_uart_logs_data_dynamic
                0x20001824                PROVIDE (__stop_log_dynamic_data, .)

.cli_sorted_cmd_ptrs
                0x20001824        0x0
                0x20001824                PROVIDE (__start_cli_sorted_cmd_ptrs, .)
 *(.cli_sorted_cmd_ptrs)
                0x20001824                PROVIDE (__stop_cli_sorted_cmd_ptrs, .)

.fs_data        0x20001824        0x0
                0x20001824                PROVIDE (__start_fs_data, .)
 *(.fs_data)
                0x20001824                PROVIDE (__stop_fs_data, .)

.bss            0x20001824      0xa5c load address 0x00028c44
                0x20001824                . = ALIGN (0x4)
                0x20001824                __bss_start__ = .
 *(.bss*)
 .bss           0x20001824       0x1c /home/susers/s225990/swiot/gcc-arm-none-eabi-4_9-2015q3/bin/../lib/gcc/arm-none-eabi/4.9.3/armv7e-m/fpu/crtbegin.o
 .bss.m_string_buff
                0x20001840       0x40 _build/nrf52832_xxaa/nrf_log_backend_rtt.c.o
 .bss.m_log_data
                0x20001880      0x420 _build/nrf52832_xxaa/nrf_log_frontend.c.o
 .bss.mempool_nrf_balloc_cb
                0x20001ca0        0x8 _build/nrf52832_xxaa/nrf_log_frontend.c.o
 .bss.mempool_nrf_balloc_pool_stack
                0x20001ca8        0x8 _build/nrf52832_xxaa/nrf_log_frontend.c.o
 .bss.mempool_nrf_balloc_pool_mem
                0x20001cb0       0xc0 _build/nrf52832_xxaa/nrf_log_frontend.c.o
 .bss.m_detection_delay
                0x20001d70        0x4 _build/nrf52832_xxaa/app_button.c.o
 .bss.mp_buttons
                0x20001d74        0x4 _build/nrf52832_xxaa/app_button.c.o
 .bss.m_button_count
                0x20001d78        0x1 _build/nrf52832_xxaa/app_button.c.o
 *fill*         0x20001d79        0x3 
 .bss.m_detection_delay_timer_id_data
                0x20001d7c       0x20 _build/nrf52832_xxaa/app_button.c.o
 .bss.m_pin_state
                0x20001d9c        0x4 _build/nrf52832_xxaa/app_button.c.o
 .bss.m_pin_transition
                0x20001da0        0x4 _build/nrf52832_xxaa/app_button.c.o
 .bss.m_ticks_latest
                0x20001da4        0x4 _build/nrf52832_xxaa/app_timer.c.o
 .bss.mp_timer_id_head
                0x20001da8        0x4 _build/nrf52832_xxaa/app_timer.c.o
 .bss.m_ticks_elapsed_q_read_ind
                0x20001dac        0x1 _build/nrf52832_xxaa/app_timer.c.o
 .bss.m_ticks_elapsed_q_write_ind
                0x20001dad        0x1 _build/nrf52832_xxaa/app_timer.c.o
 .bss.m_rtc1_reset
                0x20001dae        0x1 _build/nrf52832_xxaa/app_timer.c.o
 *fill*         0x20001daf        0x1 
 .bss.m_op_queue
                0x20001db0      0x10c _build/nrf52832_xxaa/app_timer.c.o
 .bss.m_ticks_elapsed
                0x20001ebc        0x8 _build/nrf52832_xxaa/app_timer.c.o
 .bss.m_rtc1_running
                0x20001ec4        0x1 _build/nrf52832_xxaa/app_timer.c.o
 *fill*         0x20001ec5        0x3 
 .bss.m_clock_cb
                0x20001ec8       0x14 _build/nrf52832_xxaa/nrf_drv_clock.c.o
 .bss.m_cb      0x20001edc       0x58 _build/nrf52832_xxaa/nrf_drv_gpiote.c.o
 .bss.m_cb      0x20001f34       0x20 _build/nrf52832_xxaa/nrf_drv_uart.c.o
 .bss.m_leds_timer_id_data
                0x20001f54       0x20 _build/nrf52832_xxaa/bsp.c.o
 .bss.m_alert_on
                0x20001f74        0x1 _build/nrf52832_xxaa/bsp.c.o
 *fill*         0x20001f75        0x3 
 .bss.m_indication_type
                0x20001f78        0x4 _build/nrf52832_xxaa/bsp.c.o
 .bss.m_leds_clear
                0x20001f7c        0x1 _build/nrf52832_xxaa/bsp.c.o
 .bss.current_long_push_pin_no.7292
                0x20001f7d        0x1 _build/nrf52832_xxaa/bsp.c.o
 *fill*         0x20001f7e        0x2 
 .bss.m_registered_callback
                0x20001f80        0x4 _build/nrf52832_xxaa/bsp.c.o
 .bss.m_button_timer_id_data
                0x20001f84       0x20 _build/nrf52832_xxaa/bsp.c.o
 .bss.m_stable_state
                0x20001fa4        0x1 _build/nrf52832_xxaa/bsp.c.o
 *fill*         0x20001fa5        0x3 
 .bss.m_alert_timer_id_data
                0x20001fa8       0x20 _build/nrf52832_xxaa/bsp.c.o
 .bss.release_event_at_push.7293
                0x20001fc8        0x4 _build/nrf52832_xxaa/bsp.c.o
 .bss.m_events_list
                0x20001fcc        0xc _build/nrf52832_xxaa/bsp.c.o
 .bss.m_adv_params
                0x20001fd8       0x10 _build/nrf52832_xxaa/main.c.o
 .bss._acDownBuffer
                0x20001fe8       0x10 _build/nrf52832_xxaa/SEGGER_RTT.c.o
 .bss._acUpBuffer
                0x20001ff8      0x200 _build/nrf52832_xxaa/SEGGER_RTT.c.o
 .bss.m_nrf_sdh_enabled
                0x200021f8        0x1 _build/nrf52832_xxaa/nrf_sdh.c.o
 .bss.m_nrf_sdh_continue
                0x200021f9        0x1 _build/nrf52832_xxaa/nrf_sdh.c.o
 .bss.m_nrf_sdh_suspended
                0x200021fa        0x1 _build/nrf52832_xxaa/nrf_sdh.c.o
 *(COMMON)
 *fill*         0x200021fb        0x1 
 COMMON         0x200021fc        0xc _build/nrf52832_xxaa/app_util_platform.c.o
                0x200021fc                nrf_nvic_state
 COMMON         0x20002208       0x78 _build/nrf52832_xxaa/SEGGER_RTT.c.o
                0x20002208                _SEGGER_RTT
                0x20002280                . = ALIGN (0x4)
                0x20002280                __bss_end__ = .

.heap           0x20002280     0x2000
                0x20002280                __HeapBase = .
                0x20002280                __end__ = .
                0x20002280                PROVIDE (end, .)
 *(.heap*)
 .heap          0x20002280     0x2000 _build/nrf52832_xxaa/gcc_startup_nrf52.S.o
                0x20004280                __HeapLimit = .

.stack_dummy    0x20002280     0x2000
 *(.stack*)
 .stack         0x20002280     0x2000 _build/nrf52832_xxaa/gcc_startup_nrf52.S.o
                0x20010000                __StackTop = (ORIGIN (RAM) + 0xe8e0)
                0x2000e000                __StackLimit = (__StackTop - SIZEOF (.stack_dummy))
                0x20010000                PROVIDE (__stack, __StackTop)
                0x00000001                ASSERT ((__StackLimit >= __HeapLimit), region RAM overflowed with stack)
                0x00000104                DataInitFlashUsed = (__bss_start__ - __data_start__)
                0x00005b40                CodeFlashUsed = (__etext - ORIGIN (FLASH))
                0x00005c44                TotalFlashUsed = (CodeFlashUsed + DataInitFlashUsed)
                0x00000001                ASSERT ((TotalFlashUsed <= 0x5d000), region FLASH overflowed with .data and user data)
OUTPUT(_build/nrf52832_xxaa.out elf32-littlearm)

.ARM.attributes
                0x00000000       0x30
 .ARM.attributes
                0x00000000       0x22 /home/susers/s225990/swiot/gcc-arm-none-eabi-4_9-2015q3/bin/../lib/gcc/arm-none-eabi/4.9.3/armv7e-m/fpu/crti.o
 .ARM.attributes
                0x00000022       0x34 /home/susers/s225990/swiot/gcc-arm-none-eabi-4_9-2015q3/bin/../lib/gcc/arm-none-eabi/4.9.3/armv7e-m/fpu/crtbegin.o
 .ARM.attributes
                0x00000056       0x20 /home/susers/s225990/swiot/gcc-arm-none-eabi-4_9-2015q3/bin/../lib/gcc/arm-none-eabi/4.9.3/../../../../arm-none-eabi/lib/armv7e-m/fpu/crt0.o
 .ARM.attributes
                0x00000076       0x39 _build/nrf52832_xxaa/boards.c.o
 .ARM.attributes
                0x000000af       0x39 _build/nrf52832_xxaa/nrf_log_backend_rtt.c.o
 .ARM.attributes
                0x000000e8       0x39 _build/nrf52832_xxaa/nrf_log_backend_serial.c.o
 .ARM.attributes
                0x00000121       0x39 _build/nrf52832_xxaa/nrf_log_default_backends.c.o
 .ARM.attributes
                0x0000015a       0x39 _build/nrf52832_xxaa/nrf_log_frontend.c.o
 .ARM.attributes
                0x00000193       0x39 _build/nrf52832_xxaa/nrf_log_str_formatter.c.o
 .ARM.attributes
                0x000001cc       0x39 _build/nrf52832_xxaa/app_button.c.o
 .ARM.attributes
                0x00000205       0x39 _build/nrf52832_xxaa/app_error.c.o
 .ARM.attributes
                0x0000023e       0x39 _build/nrf52832_xxaa/app_error_weak.c.o
 .ARM.attributes
                0x00000277       0x39 _build/nrf52832_xxaa/app_timer.c.o
 .ARM.attributes
                0x000002b0       0x39 _build/nrf52832_xxaa/app_util_platform.c.o
 .ARM.attributes
                0x000002e9       0x39 _build/nrf52832_xxaa/nrf_balloc.c.o
 .ARM.attributes
                0x00000322       0x39 _build/nrf52832_xxaa/nrf_fprintf.c.o
 .ARM.attributes
                0x0000035b       0x39 _build/nrf52832_xxaa/nrf_fprintf_format.c.o
 .ARM.attributes
                0x00000394       0x39 _build/nrf52832_xxaa/nrf_memobj.c.o
 .ARM.attributes
                0x000003cd       0x39 _build/nrf52832_xxaa/nrf_pwr_mgmt.c.o
 .ARM.attributes
                0x00000406       0x39 _build/nrf52832_xxaa/nrf_section_iter.c.o
 .ARM.attributes
                0x0000043f       0x39 _build/nrf52832_xxaa/nrf_strerror.c.o
 .ARM.attributes
                0x00000478       0x39 _build/nrf52832_xxaa/nrf_drv_clock.c.o
 .ARM.attributes
                0x000004b1       0x39 _build/nrf52832_xxaa/nrf_drv_common.c.o
 .ARM.attributes
                0x000004ea       0x39 _build/nrf52832_xxaa/nrf_drv_gpiote.c.o
 .ARM.attributes
                0x00000523       0x39 _build/nrf52832_xxaa/nrf_drv_uart.c.o
 .ARM.attributes
                0x0000055c       0x39 _build/nrf52832_xxaa/bsp.c.o
 .ARM.attributes
                0x00000595       0x39 _build/nrf52832_xxaa/main.c.o
 .ARM.attributes
                0x000005ce       0x39 _build/nrf52832_xxaa/SEGGER_RTT.c.o
 .ARM.attributes
                0x00000607       0x39 _build/nrf52832_xxaa/ble_advdata.c.o
 .ARM.attributes
                0x00000640       0x20 _build/nrf52832_xxaa/gcc_startup_nrf52.S.o
 .ARM.attributes
                0x00000660       0x39 _build/nrf52832_xxaa/system_nrf52.c.o
 .ARM.attributes
                0x00000699       0x39 _build/nrf52832_xxaa/nrf_sdh.c.o
 .ARM.attributes
                0x000006d2       0x39 _build/nrf52832_xxaa/nrf_sdh_ble.c.o
 .ARM.attributes
                0x0000070b       0x39 _build/nrf52832_xxaa/nrf_sdh_soc.c.o
 .ARM.attributes
                0x00000744       0x34 /home/susers/s225990/swiot/gcc-arm-none-eabi-4_9-2015q3/bin/../lib/gcc/arm-none-eabi/4.9.3/../../../../arm-none-eabi/lib/armv7e-m/fpu/libc_nano.a(lib_a-ctype_.o)
 .ARM.attributes
                0x00000778       0x34 /home/susers/s225990/swiot/gcc-arm-none-eabi-4_9-2015q3/bin/../lib/gcc/arm-none-eabi/4.9.3/../../../../arm-none-eabi/lib/armv7e-m/fpu/libc_nano.a(lib_a-exit.o)
 .ARM.attributes
                0x000007ac       0x34 /home/susers/s225990/swiot/gcc-arm-none-eabi-4_9-2015q3/bin/../lib/gcc/arm-none-eabi/4.9.3/../../../../arm-none-eabi/lib/armv7e-m/fpu/libc_nano.a(lib_a-impure.o)
 .ARM.attributes
                0x000007e0       0x34 /home/susers/s225990/swiot/gcc-arm-none-eabi-4_9-2015q3/bin/../lib/gcc/arm-none-eabi/4.9.3/../../../../arm-none-eabi/lib/armv7e-m/fpu/libc_nano.a(lib_a-init.o)
 .ARM.attributes
                0x00000814       0x34 /home/susers/s225990/swiot/gcc-arm-none-eabi-4_9-2015q3/bin/../lib/gcc/arm-none-eabi/4.9.3/../../../../arm-none-eabi/lib/armv7e-m/fpu/libc_nano.a(lib_a-memcpy.o)
 .ARM.attributes
                0x00000848       0x34 /home/susers/s225990/swiot/gcc-arm-none-eabi-4_9-2015q3/bin/../lib/gcc/arm-none-eabi/4.9.3/../../../../arm-none-eabi/lib/armv7e-m/fpu/libc_nano.a(lib_a-memset.o)
 .ARM.attributes
                0x0000087c       0x34 /home/susers/s225990/swiot/gcc-arm-none-eabi-4_9-2015q3/bin/../lib/gcc/arm-none-eabi/4.9.3/../../../../arm-none-eabi/lib/armv7e-m/fpu/libc_nano.a(lib_a-strcpy.o)
 .ARM.attributes
                0x000008b0       0x34 /home/susers/s225990/swiot/gcc-arm-none-eabi-4_9-2015q3/bin/../lib/gcc/arm-none-eabi/4.9.3/../../../../arm-none-eabi/lib/armv7e-m/fpu/libc_nano.a(lib_a-strlen.o)
 .ARM.attributes
                0x000008e4       0x34 /home/susers/s225990/swiot/gcc-arm-none-eabi-4_9-2015q3/bin/../lib/gcc/arm-none-eabi/4.9.3/../../../../arm-none-eabi/lib/armv7e-m/fpu/libnosys.a(_exit.o)
 .ARM.attributes
                0x00000918       0x22 /home/susers/s225990/swiot/gcc-arm-none-eabi-4_9-2015q3/bin/../lib/gcc/arm-none-eabi/4.9.3/armv7e-m/fpu/libgcc.a(_aeabi_uldivmod.o)
 .ARM.attributes
                0x0000093a       0x34 /home/susers/s225990/swiot/gcc-arm-none-eabi-4_9-2015q3/bin/../lib/gcc/arm-none-eabi/4.9.3/armv7e-m/fpu/libgcc.a(bpabi.o)
 .ARM.attributes
                0x0000096e       0x22 /home/susers/s225990/swiot/gcc-arm-none-eabi-4_9-2015q3/bin/../lib/gcc/arm-none-eabi/4.9.3/armv7e-m/fpu/libgcc.a(_dvmd_tls.o)
 .ARM.attributes
                0x00000990       0x34 /home/susers/s225990/swiot/gcc-arm-none-eabi-4_9-2015q3/bin/../lib/gcc/arm-none-eabi/4.9.3/armv7e-m/fpu/libgcc.a(_divdi3.o)
 .ARM.attributes
                0x000009c4       0x34 /home/susers/s225990/swiot/gcc-arm-none-eabi-4_9-2015q3/bin/../lib/gcc/arm-none-eabi/4.9.3/armv7e-m/fpu/libgcc.a(_udivdi3.o)
 .ARM.attributes
                0x000009f8       0x34 /home/susers/s225990/swiot/gcc-arm-none-eabi-4_9-2015q3/bin/../lib/gcc/arm-none-eabi/4.9.3/armv7e-m/fpu/crtend.o
 .ARM.attributes
                0x00000a2c       0x22 /home/susers/s225990/swiot/gcc-arm-none-eabi-4_9-2015q3/bin/../lib/gcc/arm-none-eabi/4.9.3/armv7e-m/fpu/crtn.o

.comment        0x00000000       0x70
 .comment       0x00000000       0x70 _build/nrf52832_xxaa/boards.c.o
                                 0x71 (size before relaxing)
 .comment       0x00000000       0x71 _build/nrf52832_xxaa/nrf_log_backend_rtt.c.o
 .comment       0x00000000       0x71 _build/nrf52832_xxaa/nrf_log_backend_serial.c.o
 .comment       0x00000000       0x71 _build/nrf52832_xxaa/nrf_log_default_backends.c.o
 .comment       0x00000000       0x71 _build/nrf52832_xxaa/nrf_log_frontend.c.o
 .comment       0x00000000       0x71 _build/nrf52832_xxaa/nrf_log_str_formatter.c.o
 .comment       0x00000000       0x71 _build/nrf52832_xxaa/app_button.c.o
 .comment       0x00000000       0x71 _build/nrf52832_xxaa/app_error.c.o
 .comment       0x00000000       0x71 _build/nrf52832_xxaa/app_error_weak.c.o
 .comment       0x00000000       0x71 _build/nrf52832_xxaa/app_timer.c.o
 .comment       0x00000000       0x71 _build/nrf52832_xxaa/app_util_platform.c.o
 .comment       0x00000000       0x71 _build/nrf52832_xxaa/nrf_balloc.c.o
 .comment       0x00000000       0x71 _build/nrf52832_xxaa/nrf_fprintf.c.o
 .comment       0x00000000       0x71 _build/nrf52832_xxaa/nrf_fprintf_format.c.o
 .comment       0x00000000       0x71 _build/nrf52832_xxaa/nrf_memobj.c.o
 .comment       0x00000000       0x71 _build/nrf52832_xxaa/nrf_pwr_mgmt.c.o
 .comment       0x00000000       0x71 _build/nrf52832_xxaa/nrf_section_iter.c.o
 .comment       0x00000000       0x71 _build/nrf52832_xxaa/nrf_strerror.c.o
 .comment       0x00000000       0x71 _build/nrf52832_xxaa/nrf_drv_clock.c.o
 .comment       0x00000000       0x71 _build/nrf52832_xxaa/nrf_drv_common.c.o
 .comment       0x00000000       0x71 _build/nrf52832_xxaa/nrf_drv_gpiote.c.o
 .comment       0x00000000       0x71 _build/nrf52832_xxaa/nrf_drv_uart.c.o
 .comment       0x00000000       0x71 _build/nrf52832_xxaa/bsp.c.o
 .comment       0x00000000       0x71 _build/nrf52832_xxaa/main.c.o
 .comment       0x00000000       0x71 _build/nrf52832_xxaa/SEGGER_RTT.c.o
 .comment       0x00000000       0x71 _build/nrf52832_xxaa/ble_advdata.c.o
 .comment       0x00000000       0x71 _build/nrf52832_xxaa/system_nrf52.c.o
 .comment       0x00000000       0x71 _build/nrf52832_xxaa/nrf_sdh.c.o
 .comment       0x00000000       0x71 _build/nrf52832_xxaa/nrf_sdh_ble.c.o
 .comment       0x00000000       0x71 _build/nrf52832_xxaa/nrf_sdh_soc.c.o

.debug_info     0x00000000    0x20965
 .debug_info    0x00000000      0xbe5 _build/nrf52832_xxaa/boards.c.o
 .debug_info    0x00000be5      0x48f _build/nrf52832_xxaa/nrf_log_backend_rtt.c.o
 .debug_info    0x00001074      0x850 _build/nrf52832_xxaa/nrf_log_backend_serial.c.o
 .debug_info    0x000018c4      0x33b _build/nrf52832_xxaa/nrf_log_default_backends.c.o
 .debug_info    0x00001bff     0x3093 _build/nrf52832_xxaa/nrf_log_frontend.c.o
 .debug_info    0x00004c92      0x80e _build/nrf52832_xxaa/nrf_log_str_formatter.c.o
 .debug_info    0x000054a0      0x6d8 _build/nrf52832_xxaa/app_button.c.o
 .debug_info    0x00005b78      0x345 _build/nrf52832_xxaa/app_error.c.o
 .debug_info    0x00005ebd      0x489 _build/nrf52832_xxaa/app_error_weak.c.o
 .debug_info    0x00006346     0x1ae6 _build/nrf52832_xxaa/app_timer.c.o
 .debug_info    0x00007e2c      0x957 _build/nrf52832_xxaa/app_util_platform.c.o
 .debug_info    0x00008783      0x4c0 _build/nrf52832_xxaa/nrf_balloc.c.o
 .debug_info    0x00008c43      0x29c _build/nrf52832_xxaa/nrf_fprintf.c.o
 .debug_info    0x00008edf      0x959 _build/nrf52832_xxaa/nrf_fprintf_format.c.o
 .debug_info    0x00009838      0xa8a _build/nrf52832_xxaa/nrf_memobj.c.o
 .debug_info    0x0000a2c2     0x12bf _build/nrf52832_xxaa/nrf_pwr_mgmt.c.o
 .debug_info    0x0000b581      0x1f2 _build/nrf52832_xxaa/nrf_section_iter.c.o
 .debug_info    0x0000b773      0x274 _build/nrf52832_xxaa/nrf_strerror.c.o
 .debug_info    0x0000b9e7     0x193f _build/nrf52832_xxaa/nrf_drv_clock.c.o
 .debug_info    0x0000d326      0x697 _build/nrf52832_xxaa/nrf_drv_common.c.o
 .debug_info    0x0000d9bd     0x28a8 _build/nrf52832_xxaa/nrf_drv_gpiote.c.o
 .debug_info    0x00010265     0x43cc _build/nrf52832_xxaa/nrf_drv_uart.c.o
 .debug_info    0x00014631     0x1827 _build/nrf52832_xxaa/bsp.c.o
 .debug_info    0x00015e58     0x109b _build/nrf52832_xxaa/main.c.o
 .debug_info    0x00016ef3     0x2af2 _build/nrf52832_xxaa/SEGGER_RTT.c.o
 .debug_info    0x000199e5     0x1af9 _build/nrf52832_xxaa/ble_advdata.c.o
 .debug_info    0x0001b4de       0xae _build/nrf52832_xxaa/gcc_startup_nrf52.S.o
 .debug_info    0x0001b58c     0x110b _build/nrf52832_xxaa/system_nrf52.c.o
 .debug_info    0x0001c697     0x16f7 _build/nrf52832_xxaa/nrf_sdh.c.o
 .debug_info    0x0001dd8e     0x25f9 _build/nrf52832_xxaa/nrf_sdh_ble.c.o
 .debug_info    0x00020387      0x5de _build/nrf52832_xxaa/nrf_sdh_soc.c.o

.debug_abbrev   0x00000000     0x51dd
 .debug_abbrev  0x00000000      0x274 _build/nrf52832_xxaa/boards.c.o
 .debug_abbrev  0x00000274      0x227 _build/nrf52832_xxaa/nrf_log_backend_rtt.c.o
 .debug_abbrev  0x0000049b      0x20e _build/nrf52832_xxaa/nrf_log_backend_serial.c.o
 .debug_abbrev  0x000006a9      0x1a2 _build/nrf52832_xxaa/nrf_log_default_backends.c.o
 .debug_abbrev  0x0000084b      0x4a5 _build/nrf52832_xxaa/nrf_log_frontend.c.o
 .debug_abbrev  0x00000cf0      0x1fe _build/nrf52832_xxaa/nrf_log_str_formatter.c.o
 .debug_abbrev  0x00000eee      0x21e _build/nrf52832_xxaa/app_button.c.o
 .debug_abbrev  0x0000110c      0x130 _build/nrf52832_xxaa/app_error.c.o
 .debug_abbrev  0x0000123c      0x1ad _build/nrf52832_xxaa/app_error_weak.c.o
 .debug_abbrev  0x000013e9      0x415 _build/nrf52832_xxaa/app_timer.c.o
 .debug_abbrev  0x000017fe      0x2a9 _build/nrf52832_xxaa/app_util_platform.c.o
 .debug_abbrev  0x00001aa7      0x237 _build/nrf52832_xxaa/nrf_balloc.c.o
 .debug_abbrev  0x00001cde      0x14a _build/nrf52832_xxaa/nrf_fprintf.c.o
 .debug_abbrev  0x00001e28      0x2bb _build/nrf52832_xxaa/nrf_fprintf_format.c.o
 .debug_abbrev  0x000020e3      0x2e3 _build/nrf52832_xxaa/nrf_memobj.c.o
 .debug_abbrev  0x000023c6      0x3d7 _build/nrf52832_xxaa/nrf_pwr_mgmt.c.o
 .debug_abbrev  0x0000279d       0xbf _build/nrf52832_xxaa/nrf_section_iter.c.o
 .debug_abbrev  0x0000285c      0x147 _build/nrf52832_xxaa/nrf_strerror.c.o
 .debug_abbrev  0x000029a3      0x4f1 _build/nrf52832_xxaa/nrf_drv_clock.c.o
 .debug_abbrev  0x00002e94      0x1ab _build/nrf52832_xxaa/nrf_drv_common.c.o
 .debug_abbrev  0x0000303f      0x453 _build/nrf52832_xxaa/nrf_drv_gpiote.c.o
 .debug_abbrev  0x00003492      0x3c0 _build/nrf52832_xxaa/nrf_drv_uart.c.o
 .debug_abbrev  0x00003852      0x436 _build/nrf52832_xxaa/bsp.c.o
 .debug_abbrev  0x00003c88      0x304 _build/nrf52832_xxaa/main.c.o
 .debug_abbrev  0x00003f8c      0x30b _build/nrf52832_xxaa/SEGGER_RTT.c.o
 .debug_abbrev  0x00004297      0x37b _build/nrf52832_xxaa/ble_advdata.c.o
 .debug_abbrev  0x00004612       0x14 _build/nrf52832_xxaa/gcc_startup_nrf52.S.o
 .debug_abbrev  0x00004626      0x1d3 _build/nrf52832_xxaa/system_nrf52.c.o
 .debug_abbrev  0x000047f9      0x446 _build/nrf52832_xxaa/nrf_sdh.c.o
 .debug_abbrev  0x00004c3f      0x3ad _build/nrf52832_xxaa/nrf_sdh_ble.c.o
 .debug_abbrev  0x00004fec      0x1f1 _build/nrf52832_xxaa/nrf_sdh_soc.c.o

.debug_loc      0x00000000    0x135c3
 .debug_loc     0x00000000      0x751 _build/nrf52832_xxaa/boards.c.o
 .debug_loc     0x00000751      0x114 _build/nrf52832_xxaa/nrf_log_backend_rtt.c.o
 .debug_loc     0x00000865      0x185 _build/nrf52832_xxaa/nrf_log_backend_serial.c.o
 .debug_loc     0x000009ea       0x15 _build/nrf52832_xxaa/nrf_log_default_backends.c.o
 .debug_loc     0x000009ff     0x325d _build/nrf52832_xxaa/nrf_log_frontend.c.o
 .debug_loc     0x00003c5c      0x5f2 _build/nrf52832_xxaa/nrf_log_str_formatter.c.o
 .debug_loc     0x0000424e      0x3ab _build/nrf52832_xxaa/app_button.c.o
 .debug_loc     0x000045f9      0x145 _build/nrf52832_xxaa/app_error.c.o
 .debug_loc     0x0000473e       0x63 _build/nrf52832_xxaa/app_error_weak.c.o
 .debug_loc     0x000047a1      0xe8c _build/nrf52832_xxaa/app_timer.c.o
 .debug_loc     0x0000562d       0xe4 _build/nrf52832_xxaa/app_util_platform.c.o
 .debug_loc     0x00005711      0x1a6 _build/nrf52832_xxaa/nrf_balloc.c.o
 .debug_loc     0x000058b7       0x3f _build/nrf52832_xxaa/nrf_fprintf.c.o
 .debug_loc     0x000058f6      0xc2e _build/nrf52832_xxaa/nrf_fprintf_format.c.o
 .debug_loc     0x00006524      0xace _build/nrf52832_xxaa/nrf_memobj.c.o
 .debug_loc     0x00006ff2       0xac _build/nrf52832_xxaa/nrf_pwr_mgmt.c.o
 .debug_loc     0x0000709e      0x23a _build/nrf52832_xxaa/nrf_strerror.c.o
 .debug_loc     0x000072d8      0x4b7 _build/nrf52832_xxaa/nrf_drv_clock.c.o
 .debug_loc     0x0000778f       0xd6 _build/nrf52832_xxaa/nrf_drv_common.c.o
 .debug_loc     0x00007865     0x1e5d _build/nrf52832_xxaa/nrf_drv_gpiote.c.o
 .debug_loc     0x000096c2     0x2bcc _build/nrf52832_xxaa/nrf_drv_uart.c.o
 .debug_loc     0x0000c28e      0xc15 _build/nrf52832_xxaa/bsp.c.o
 .debug_loc     0x0000cea3      0x173 _build/nrf52832_xxaa/main.c.o
 .debug_loc     0x0000d016     0x4675 _build/nrf52832_xxaa/SEGGER_RTT.c.o
 .debug_loc     0x0001168b     0x19b3 _build/nrf52832_xxaa/ble_advdata.c.o
 .debug_loc     0x0001303e      0x272 _build/nrf52832_xxaa/nrf_sdh.c.o
 .debug_loc     0x000132b0      0x29f _build/nrf52832_xxaa/nrf_sdh_ble.c.o
 .debug_loc     0x0001354f       0x74 _build/nrf52832_xxaa/nrf_sdh_soc.c.o

.debug_aranges  0x00000000      0x9d8
 .debug_aranges
                0x00000000       0x80 _build/nrf52832_xxaa/boards.c.o
 .debug_aranges
                0x00000080       0x40 _build/nrf52832_xxaa/nrf_log_backend_rtt.c.o
 .debug_aranges
                0x000000c0       0x20 _build/nrf52832_xxaa/nrf_log_backend_serial.c.o
 .debug_aranges
                0x000000e0       0x20 _build/nrf52832_xxaa/nrf_log_default_backends.c.o
 .debug_aranges
                0x00000100       0xb8 _build/nrf52832_xxaa/nrf_log_frontend.c.o
 .debug_aranges
                0x000001b8       0x28 _build/nrf52832_xxaa/nrf_log_str_formatter.c.o
 .debug_aranges
                0x000001e0       0x48 _build/nrf52832_xxaa/app_button.c.o
 .debug_aranges
                0x00000228       0x30 _build/nrf52832_xxaa/app_error.c.o
 .debug_aranges
                0x00000258       0x20 _build/nrf52832_xxaa/app_error_weak.c.o
 .debug_aranges
                0x00000278       0x70 _build/nrf52832_xxaa/app_timer.c.o
 .debug_aranges
                0x000002e8       0x48 _build/nrf52832_xxaa/app_util_platform.c.o
 .debug_aranges
                0x00000330       0x30 _build/nrf52832_xxaa/nrf_balloc.c.o
 .debug_aranges
                0x00000360       0x28 _build/nrf52832_xxaa/nrf_fprintf.c.o
 .debug_aranges
                0x00000388       0x28 _build/nrf52832_xxaa/nrf_fprintf_format.c.o
 .debug_aranges
                0x000003b0       0x50 _build/nrf52832_xxaa/nrf_memobj.c.o
 .debug_aranges
                0x00000400       0x48 _build/nrf52832_xxaa/nrf_pwr_mgmt.c.o
 .debug_aranges
                0x00000448       0x28 _build/nrf52832_xxaa/nrf_section_iter.c.o
 .debug_aranges
                0x00000470       0x28 _build/nrf52832_xxaa/nrf_strerror.c.o
 .debug_aranges
                0x00000498       0xa8 _build/nrf52832_xxaa/nrf_drv_clock.c.o
 .debug_aranges
                0x00000540       0x28 _build/nrf52832_xxaa/nrf_drv_common.c.o
 .debug_aranges
                0x00000568       0xd8 _build/nrf52832_xxaa/nrf_drv_gpiote.c.o
 .debug_aranges
                0x00000640       0x78 _build/nrf52832_xxaa/nrf_drv_uart.c.o
 .debug_aranges
                0x000006b8       0x78 _build/nrf52832_xxaa/bsp.c.o
 .debug_aranges
                0x00000730       0x38 _build/nrf52832_xxaa/main.c.o
 .debug_aranges
                0x00000768       0xe0 _build/nrf52832_xxaa/SEGGER_RTT.c.o
 .debug_aranges
                0x00000848       0x60 _build/nrf52832_xxaa/ble_advdata.c.o
 .debug_aranges
                0x000008a8       0x20 _build/nrf52832_xxaa/gcc_startup_nrf52.S.o
 .debug_aranges
                0x000008c8       0x28 _build/nrf52832_xxaa/system_nrf52.c.o
 .debug_aranges
                0x000008f0       0x70 _build/nrf52832_xxaa/nrf_sdh.c.o
 .debug_aranges
                0x00000960       0x50 _build/nrf52832_xxaa/nrf_sdh_ble.c.o
 .debug_aranges
                0x000009b0       0x28 _build/nrf52832_xxaa/nrf_sdh_soc.c.o

.debug_ranges   0x00000000     0x3ad0
 .debug_ranges  0x00000000      0x160 _build/nrf52832_xxaa/boards.c.o
 .debug_ranges  0x00000160       0x30 _build/nrf52832_xxaa/nrf_log_backend_rtt.c.o
 .debug_ranges  0x00000190       0x28 _build/nrf52832_xxaa/nrf_log_backend_serial.c.o
 .debug_ranges  0x000001b8       0x10 _build/nrf52832_xxaa/nrf_log_default_backends.c.o
 .debug_ranges  0x000001c8      0x980 _build/nrf52832_xxaa/nrf_log_frontend.c.o
 .debug_ranges  0x00000b48       0xe8 _build/nrf52832_xxaa/nrf_log_str_formatter.c.o
 .debug_ranges  0x00000c30       0xa0 _build/nrf52832_xxaa/app_button.c.o
 .debug_ranges  0x00000cd0       0x20 _build/nrf52832_xxaa/app_error.c.o
 .debug_ranges  0x00000cf0       0x10 _build/nrf52832_xxaa/app_error_weak.c.o
 .debug_ranges  0x00000d00      0x4f0 _build/nrf52832_xxaa/app_timer.c.o
 .debug_ranges  0x000011f0       0x80 _build/nrf52832_xxaa/app_util_platform.c.o
 .debug_ranges  0x00001270       0x70 _build/nrf52832_xxaa/nrf_balloc.c.o
 .debug_ranges  0x000012e0       0x18 _build/nrf52832_xxaa/nrf_fprintf.c.o
 .debug_ranges  0x000012f8      0x1d8 _build/nrf52832_xxaa/nrf_fprintf_format.c.o
 .debug_ranges  0x000014d0       0x78 _build/nrf52832_xxaa/nrf_memobj.c.o
 .debug_ranges  0x00001548       0x80 _build/nrf52832_xxaa/nrf_pwr_mgmt.c.o
 .debug_ranges  0x000015c8       0x18 _build/nrf52832_xxaa/nrf_section_iter.c.o
 .debug_ranges  0x000015e0       0x88 _build/nrf52832_xxaa/nrf_strerror.c.o
 .debug_ranges  0x00001668      0x3b0 _build/nrf52832_xxaa/nrf_drv_clock.c.o
 .debug_ranges  0x00001a18       0x38 _build/nrf52832_xxaa/nrf_drv_common.c.o
 .debug_ranges  0x00001a50      0x8b8 _build/nrf52832_xxaa/nrf_drv_gpiote.c.o
 .debug_ranges  0x00002308      0x858 _build/nrf52832_xxaa/nrf_drv_uart.c.o
 .debug_ranges  0x00002b60      0x2d8 _build/nrf52832_xxaa/bsp.c.o
 .debug_ranges  0x00002e38       0x70 _build/nrf52832_xxaa/main.c.o
 .debug_ranges  0x00002ea8      0x578 _build/nrf52832_xxaa/SEGGER_RTT.c.o
 .debug_ranges  0x00003420      0x308 _build/nrf52832_xxaa/ble_advdata.c.o
 .debug_ranges  0x00003728      0x148 _build/nrf52832_xxaa/system_nrf52.c.o
 .debug_ranges  0x00003870      0x1a8 _build/nrf52832_xxaa/nrf_sdh.c.o
 .debug_ranges  0x00003a18       0xa0 _build/nrf52832_xxaa/nrf_sdh_ble.c.o
 .debug_ranges  0x00003ab8       0x18 _build/nrf52832_xxaa/nrf_sdh_soc.c.o

.debug_macro    0x00000000    0x1ad42
 .debug_macro   0x00000000      0x27a _build/nrf52832_xxaa/boards.c.o
 .debug_macro   0x0000027a      0x8b0 _build/nrf52832_xxaa/boards.c.o
 .debug_macro   0x00000b2a       0x22 _build/nrf52832_xxaa/boards.c.o
 .debug_macro   0x00000b4c       0x2d _build/nrf52832_xxaa/boards.c.o
 .debug_macro   0x00000b79       0x22 _build/nrf52832_xxaa/boards.c.o
 .debug_macro   0x00000b9b       0x44 _build/nrf52832_xxaa/boards.c.o
 .debug_macro   0x00000bdf       0xe3 _build/nrf52832_xxaa/boards.c.o
 .debug_macro   0x00000cc2       0x22 _build/nrf52832_xxaa/boards.c.o
 .debug_macro   0x00000ce4      0x1df _build/nrf52832_xxaa/boards.c.o
 .debug_macro   0x00000ec3       0x35 _build/nrf52832_xxaa/boards.c.o
 .debug_macro   0x00000ef8       0x50 _build/nrf52832_xxaa/boards.c.o
 .debug_macro   0x00000f48      0xe66 _build/nrf52832_xxaa/boards.c.o
 .debug_macro   0x00001dae      0x392 _build/nrf52832_xxaa/boards.c.o
 .debug_macro   0x00002140     0xcc94 _build/nrf52832_xxaa/boards.c.o
 .debug_macro   0x0000edd4     0x1313 _build/nrf52832_xxaa/boards.c.o
 .debug_macro   0x000100e7       0x82 _build/nrf52832_xxaa/boards.c.o
 .debug_macro   0x00010169       0x22 _build/nrf52832_xxaa/boards.c.o
 .debug_macro   0x0001018b      0x372 _build/nrf52832_xxaa/boards.c.o
 .debug_macro   0x000104fd       0x58 _build/nrf52832_xxaa/boards.c.o
 .debug_macro   0x00010555       0x35 _build/nrf52832_xxaa/boards.c.o
 .debug_macro   0x0001058a       0x9c _build/nrf52832_xxaa/boards.c.o
 .debug_macro   0x00010626       0x16 _build/nrf52832_xxaa/boards.c.o
 .debug_macro   0x0001063c       0x97 _build/nrf52832_xxaa/boards.c.o
 .debug_macro   0x000106d3      0x29d _build/nrf52832_xxaa/boards.c.o
 .debug_macro   0x00010970       0xef _build/nrf52832_xxaa/boards.c.o
 .debug_macro   0x00010a5f       0x10 _build/nrf52832_xxaa/boards.c.o
 .debug_macro   0x00010a6f       0x52 _build/nrf52832_xxaa/boards.c.o
 .debug_macro   0x00010ac1       0x16 _build/nrf52832_xxaa/boards.c.o
 .debug_macro   0x00010ad7       0x43 _build/nrf52832_xxaa/boards.c.o
 .debug_macro   0x00010b1a      0x180 _build/nrf52832_xxaa/boards.c.o
 .debug_macro   0x00010c9a       0x10 _build/nrf52832_xxaa/boards.c.o
 .debug_macro   0x00010caa       0x22 _build/nrf52832_xxaa/boards.c.o
 .debug_macro   0x00010ccc       0xbe _build/nrf52832_xxaa/boards.c.o
 .debug_macro   0x00010d8a       0x16 _build/nrf52832_xxaa/boards.c.o
 .debug_macro   0x00010da0      0x166 _build/nrf52832_xxaa/boards.c.o
 .debug_macro   0x00010f06       0x22 _build/nrf52832_xxaa/boards.c.o
 .debug_macro   0x00010f28       0x9a _build/nrf52832_xxaa/boards.c.o
 .debug_macro   0x00010fc2      0xf9d _build/nrf52832_xxaa/boards.c.o
 .debug_macro   0x00011f5f       0x9b _build/nrf52832_xxaa/boards.c.o
 .debug_macro   0x00011ffa      0x16d _build/nrf52832_xxaa/boards.c.o
 .debug_macro   0x00012167       0x2b _build/nrf52832_xxaa/boards.c.o
 .debug_macro   0x00012192       0x10 _build/nrf52832_xxaa/boards.c.o
 .debug_macro   0x000121a2       0x16 _build/nrf52832_xxaa/boards.c.o
 .debug_macro   0x000121b8       0x35 _build/nrf52832_xxaa/boards.c.o
 .debug_macro   0x000121ed       0x22 _build/nrf52832_xxaa/boards.c.o
 .debug_macro   0x0001220f       0x16 _build/nrf52832_xxaa/boards.c.o
 .debug_macro   0x00012225      0x261 _build/nrf52832_xxaa/boards.c.o
 .debug_macro   0x00012486      0x115 _build/nrf52832_xxaa/boards.c.o
 .debug_macro   0x0001259b      0x37a _build/nrf52832_xxaa/nrf_log_backend_rtt.c.o
 .debug_macro   0x00012915      0x166 _build/nrf52832_xxaa/nrf_log_backend_rtt.c.o
 .debug_macro   0x00012a7b       0x10 _build/nrf52832_xxaa/nrf_log_backend_rtt.c.o
 .debug_macro   0x00012a8b       0x2e _build/nrf52832_xxaa/nrf_log_backend_rtt.c.o
 .debug_macro   0x00012ab9       0x22 _build/nrf52832_xxaa/nrf_log_backend_rtt.c.o
 .debug_macro   0x00012adb       0x3b _build/nrf52832_xxaa/nrf_log_backend_rtt.c.o
 .debug_macro   0x00012b16      0x49d _build/nrf52832_xxaa/nrf_log_backend_rtt.c.o
 .debug_macro   0x00012fb3       0x4b _build/nrf52832_xxaa/nrf_log_backend_rtt.c.o
 .debug_macro   0x00012ffe       0x16 _build/nrf52832_xxaa/nrf_log_backend_rtt.c.o
 .debug_macro   0x00013014       0x40 _build/nrf52832_xxaa/nrf_log_backend_rtt.c.o
 .debug_macro   0x00013054       0x70 _build/nrf52832_xxaa/nrf_log_backend_rtt.c.o
 .debug_macro   0x000130c4       0x2e _build/nrf52832_xxaa/nrf_log_backend_rtt.c.o
 .debug_macro   0x000130f2       0x1c _build/nrf52832_xxaa/nrf_log_backend_rtt.c.o
 .debug_macro   0x0001310e       0x7e _build/nrf52832_xxaa/nrf_log_backend_rtt.c.o
 .debug_macro   0x0001318c       0x8c _build/nrf52832_xxaa/nrf_log_backend_rtt.c.o
 .debug_macro   0x00013218       0x10 _build/nrf52832_xxaa/nrf_log_backend_rtt.c.o
 .debug_macro   0x00013228       0x22 _build/nrf52832_xxaa/nrf_log_backend_rtt.c.o
 .debug_macro   0x0001324a       0x1c _build/nrf52832_xxaa/nrf_log_backend_rtt.c.o
 .debug_macro   0x00013266      0x16d _build/nrf52832_xxaa/nrf_log_backend_rtt.c.o
 .debug_macro   0x000133d3       0x47 _build/nrf52832_xxaa/nrf_log_backend_rtt.c.o
 .debug_macro   0x0001341a      0x115 _build/nrf52832_xxaa/nrf_log_backend_rtt.c.o
 .debug_macro   0x0001352f      0x344 _build/nrf52832_xxaa/nrf_log_backend_serial.c.o
 .debug_macro   0x00013873      0x335 _build/nrf52832_xxaa/nrf_log_default_backends.c.o
 .debug_macro   0x00013ba8       0x10 _build/nrf52832_xxaa/nrf_log_default_backends.c.o
 .debug_macro   0x00013bb8      0x38f _build/nrf52832_xxaa/nrf_log_frontend.c.o
 .debug_macro   0x00013f47       0x31 _build/nrf52832_xxaa/nrf_log_frontend.c.o
 .debug_macro   0x00013f78       0x10 _build/nrf52832_xxaa/nrf_log_frontend.c.o
 .debug_macro   0x00013f88       0x76 _build/nrf52832_xxaa/nrf_log_frontend.c.o
 .debug_macro   0x00013ffe       0x92 _build/nrf52832_xxaa/nrf_log_frontend.c.o
 .debug_macro   0x00014090       0x16 _build/nrf52832_xxaa/nrf_log_frontend.c.o
 .debug_macro   0x000140a6       0x3b _build/nrf52832_xxaa/nrf_log_frontend.c.o
 .debug_macro   0x000140e1      0x380 _build/nrf52832_xxaa/nrf_log_str_formatter.c.o
 .debug_macro   0x00014461       0x94 _build/nrf52832_xxaa/nrf_log_str_formatter.c.o
 .debug_macro   0x000144f5      0x2f6 _build/nrf52832_xxaa/app_button.c.o
 .debug_macro   0x000147eb       0x1c _build/nrf52832_xxaa/app_button.c.o
 .debug_macro   0x00014807       0x28 _build/nrf52832_xxaa/app_button.c.o
 .debug_macro   0x0001482f       0x1f _build/nrf52832_xxaa/app_button.c.o
 .debug_macro   0x0001484e       0x30 _build/nrf52832_xxaa/app_button.c.o
 .debug_macro   0x0001487e      0x206 _build/nrf52832_xxaa/app_error.c.o
 .debug_macro   0x00014a84      0x365 _build/nrf52832_xxaa/app_error_weak.c.o
 .debug_macro   0x00014de9       0x16 _build/nrf52832_xxaa/app_error_weak.c.o
 .debug_macro   0x00014dff      0x167 _build/nrf52832_xxaa/app_error_weak.c.o
 .debug_macro   0x00014f66       0x16 _build/nrf52832_xxaa/app_error_weak.c.o
 .debug_macro   0x00014f7c       0x1c _build/nrf52832_xxaa/app_error_weak.c.o
 .debug_macro   0x00014f98      0x10d _build/nrf52832_xxaa/app_error_weak.c.o
 .debug_macro   0x000150a5      0x322 _build/nrf52832_xxaa/app_timer.c.o
 .debug_macro   0x000153c7       0x16 _build/nrf52832_xxaa/app_timer.c.o
 .debug_macro   0x000153dd      0x256 _build/nrf52832_xxaa/app_util_platform.c.o
 .debug_macro   0x00015633      0x318 _build/nrf52832_xxaa/nrf_balloc.c.o
 .debug_macro   0x0001594b      0x167 _build/nrf52832_xxaa/nrf_balloc.c.o
 .debug_macro   0x00015ab2      0x277 _build/nrf52832_xxaa/nrf_fprintf.c.o
 .debug_macro   0x00015d29       0x58 _build/nrf52832_xxaa/nrf_fprintf.c.o
 .debug_macro   0x00015d81      0x289 _build/nrf52832_xxaa/nrf_fprintf_format.c.o
 .debug_macro   0x0001600a      0x303 _build/nrf52832_xxaa/nrf_memobj.c.o
 .debug_macro   0x0001630d      0x10e _build/nrf52832_xxaa/nrf_memobj.c.o
 .debug_macro   0x0001641b       0x7f _build/nrf52832_xxaa/nrf_memobj.c.o
 .debug_macro   0x0001649a       0x10 _build/nrf52832_xxaa/nrf_memobj.c.o
 .debug_macro   0x000164aa      0x438 _build/nrf52832_xxaa/nrf_pwr_mgmt.c.o
 .debug_macro   0x000168e2       0x11 _build/nrf52832_xxaa/nrf_pwr_mgmt.c.o
 .debug_macro   0x000168f3       0x10 _build/nrf52832_xxaa/nrf_pwr_mgmt.c.o
 .debug_macro   0x00016903       0x22 _build/nrf52832_xxaa/nrf_pwr_mgmt.c.o
 .debug_macro   0x00016925       0x30 _build/nrf52832_xxaa/nrf_pwr_mgmt.c.o
 .debug_macro   0x00016955      0x283 _build/nrf52832_xxaa/nrf_section_iter.c.o
 .debug_macro   0x00016bd8      0x1f5 _build/nrf52832_xxaa/nrf_strerror.c.o
 .debug_macro   0x00016dcd      0x377 _build/nrf52832_xxaa/nrf_drv_clock.c.o
 .debug_macro   0x00017144       0x10 _build/nrf52832_xxaa/nrf_drv_clock.c.o
 .debug_macro   0x00017154       0x28 _build/nrf52832_xxaa/nrf_drv_clock.c.o
 .debug_macro   0x0001717c       0x2a _build/nrf52832_xxaa/nrf_drv_clock.c.o
 .debug_macro   0x000171a6       0x1c _build/nrf52832_xxaa/nrf_drv_clock.c.o
 .debug_macro   0x000171c2      0x2ca _build/nrf52832_xxaa/nrf_drv_common.c.o
 .debug_macro   0x0001748c       0x22 _build/nrf52832_xxaa/nrf_drv_common.c.o
 .debug_macro   0x000174ae      0x3b2 _build/nrf52832_xxaa/nrf_drv_gpiote.c.o
 .debug_macro   0x00017860       0x16 _build/nrf52832_xxaa/nrf_drv_gpiote.c.o
 .debug_macro   0x00017876      0x161 _build/nrf52832_xxaa/nrf_drv_gpiote.c.o
 .debug_macro   0x000179d7      0x3a9 _build/nrf52832_xxaa/nrf_drv_uart.c.o
 .debug_macro   0x00017d80       0x10 _build/nrf52832_xxaa/nrf_drv_uart.c.o
 .debug_macro   0x00017d90       0x43 _build/nrf52832_xxaa/nrf_drv_uart.c.o
 .debug_macro   0x00017dd3      0x2d2 _build/nrf52832_xxaa/bsp.c.o
 .debug_macro   0x000180a5       0x16 _build/nrf52832_xxaa/bsp.c.o
 .debug_macro   0x000180bb       0x1c _build/nrf52832_xxaa/bsp.c.o
 .debug_macro   0x000180d7      0x100 _build/nrf52832_xxaa/bsp.c.o
 .debug_macro   0x000181d7      0x49d _build/nrf52832_xxaa/main.c.o
 .debug_macro   0x00018674       0x37 _build/nrf52832_xxaa/main.c.o
 .debug_macro   0x000186ab      0x13a _build/nrf52832_xxaa/main.c.o
 .debug_macro   0x000187e5      0x204 _build/nrf52832_xxaa/main.c.o
 .debug_macro   0x000189e9      0x48d _build/nrf52832_xxaa/main.c.o
 .debug_macro   0x00018e76       0x3a _build/nrf52832_xxaa/main.c.o
 .debug_macro   0x00018eb0       0x86 _build/nrf52832_xxaa/main.c.o
 .debug_macro   0x00018f36      0x1f9 _build/nrf52832_xxaa/main.c.o
 .debug_macro   0x0001912f       0x22 _build/nrf52832_xxaa/main.c.o
 .debug_macro   0x00019151       0xf3 _build/nrf52832_xxaa/main.c.o
 .debug_macro   0x00019244       0x3c _build/nrf52832_xxaa/main.c.o
 .debug_macro   0x00019280       0x1c _build/nrf52832_xxaa/main.c.o
 .debug_macro   0x0001929c       0x64 _build/nrf52832_xxaa/main.c.o
 .debug_macro   0x00019300       0x2e _build/nrf52832_xxaa/main.c.o
 .debug_macro   0x0001932e       0x10 _build/nrf52832_xxaa/main.c.o
 .debug_macro   0x0001933e      0x2da _build/nrf52832_xxaa/SEGGER_RTT.c.o
 .debug_macro   0x00019618      0x2f7 _build/nrf52832_xxaa/ble_advdata.c.o
 .debug_macro   0x0001990f      0x487 _build/nrf52832_xxaa/ble_advdata.c.o
 .debug_macro   0x00019d96       0x34 _build/nrf52832_xxaa/ble_advdata.c.o
 .debug_macro   0x00019dca       0x1c _build/nrf52832_xxaa/ble_advdata.c.o
 .debug_macro   0x00019de6      0x343 _build/nrf52832_xxaa/ble_advdata.c.o
 .debug_macro   0x0001a129       0xe6 _build/nrf52832_xxaa/system_nrf52.c.o
 .debug_macro   0x0001a20f      0x341 _build/nrf52832_xxaa/nrf_sdh.c.o
 .debug_macro   0x0001a550      0x15b _build/nrf52832_xxaa/nrf_sdh.c.o
 .debug_macro   0x0001a6ab      0x369 _build/nrf52832_xxaa/nrf_sdh_ble.c.o
 .debug_macro   0x0001aa14      0x318 _build/nrf52832_xxaa/nrf_sdh_soc.c.o
 .debug_macro   0x0001ad2c       0x16 _build/nrf52832_xxaa/nrf_sdh_soc.c.o

.debug_line     0x00000000    0x11b31
 .debug_line    0x00000000      0x75e _build/nrf52832_xxaa/boards.c.o
 .debug_line    0x0000075e      0x88f _build/nrf52832_xxaa/nrf_log_backend_rtt.c.o
 .debug_line    0x00000fed      0x836 _build/nrf52832_xxaa/nrf_log_backend_serial.c.o
 .debug_line    0x00001823      0x7a1 _build/nrf52832_xxaa/nrf_log_default_backends.c.o
 .debug_line    0x00001fc4     0x10c8 _build/nrf52832_xxaa/nrf_log_frontend.c.o
 .debug_line    0x0000308c      0x866 _build/nrf52832_xxaa/nrf_log_str_formatter.c.o
 .debug_line    0x000038f2      0x7bb _build/nrf52832_xxaa/app_button.c.o
 .debug_line    0x000040ad      0x54e _build/nrf52832_xxaa/app_error.c.o
 .debug_line    0x000045fb      0x882 _build/nrf52832_xxaa/app_error_weak.c.o
 .debug_line    0x00004e7d      0xb0a _build/nrf52832_xxaa/app_timer.c.o
 .debug_line    0x00005987      0x646 _build/nrf52832_xxaa/app_util_platform.c.o
 .debug_line    0x00005fcd      0x7c3 _build/nrf52832_xxaa/nrf_balloc.c.o
 .debug_line    0x00006790      0x5d7 _build/nrf52832_xxaa/nrf_fprintf.c.o
 .debug_line    0x00006d67      0x7e6 _build/nrf52832_xxaa/nrf_fprintf_format.c.o
 .debug_line    0x0000754d      0x80e _build/nrf52832_xxaa/nrf_memobj.c.o
 .debug_line    0x00007d5b      0xadd _build/nrf52832_xxaa/nrf_pwr_mgmt.c.o
 .debug_line    0x00008838      0x5ea _build/nrf52832_xxaa/nrf_section_iter.c.o
 .debug_line    0x00008e22      0x58b _build/nrf52832_xxaa/nrf_strerror.c.o
 .debug_line    0x000093ad      0xc11 _build/nrf52832_xxaa/nrf_drv_clock.c.o
 .debug_line    0x00009fbe      0x6a2 _build/nrf52832_xxaa/nrf_drv_common.c.o
 .debug_line    0x0000a660     0x108b _build/nrf52832_xxaa/nrf_drv_gpiote.c.o
 .debug_line    0x0000b6eb     0x12cb _build/nrf52832_xxaa/nrf_drv_uart.c.o
 .debug_line    0x0000c9b6      0xa3f _build/nrf52832_xxaa/bsp.c.o
 .debug_line    0x0000d3f5      0xb7d _build/nrf52832_xxaa/main.c.o
 .debug_line    0x0000df72     0x1244 _build/nrf52832_xxaa/SEGGER_RTT.c.o
 .debug_line    0x0000f1b6      0x9e4 _build/nrf52832_xxaa/ble_advdata.c.o
 .debug_line    0x0000fb9a       0x9b _build/nrf52832_xxaa/gcc_startup_nrf52.S.o
 .debug_line    0x0000fc35      0x4a5 _build/nrf52832_xxaa/system_nrf52.c.o
 .debug_line    0x000100da      0x9e7 _build/nrf52832_xxaa/nrf_sdh.c.o
 .debug_line    0x00010ac1      0x8f2 _build/nrf52832_xxaa/nrf_sdh_ble.c.o
 .debug_line    0x000113b3      0x77e _build/nrf52832_xxaa/nrf_sdh_soc.c.o

.debug_str      0x00000000    0x7ff28
 .debug_str     0x00000000    0x64234 _build/nrf52832_xxaa/boards.c.o
                              0x64f5c (size before relaxing)
 .debug_str     0x00064234     0x7f21 _build/nrf52832_xxaa/nrf_log_backend_rtt.c.o
                              0x6b0fa (size before relaxing)
 .debug_str     0x0006c155      0x2c9 _build/nrf52832_xxaa/nrf_log_backend_serial.c.o
                              0x6ab2e (size before relaxing)
 .debug_str     0x0006c41e      0x13c _build/nrf52832_xxaa/nrf_log_default_backends.c.o
                              0x6a8f3 (size before relaxing)
 .debug_str     0x0006c55a     0x1845 _build/nrf52832_xxaa/nrf_log_frontend.c.o
                              0x6c0ea (size before relaxing)
 .debug_str     0x0006dd9f      0x60e _build/nrf52832_xxaa/nrf_log_str_formatter.c.o
                              0x6af04 (size before relaxing)
 .debug_str     0x0006e3ad      0xbdc _build/nrf52832_xxaa/app_button.c.o
                              0x68db8 (size before relaxing)
 .debug_str     0x0006ef89      0x12a _build/nrf52832_xxaa/app_error.c.o
                              0x631a6 (size before relaxing)
 .debug_str     0x0006f0b3      0xa2d _build/nrf52832_xxaa/app_error_weak.c.o
                              0x6ba1d (size before relaxing)
 .debug_str     0x0006fae0      0xa5a _build/nrf52832_xxaa/app_timer.c.o
                              0x69169 (size before relaxing)
 .debug_str     0x0007053a      0x262 _build/nrf52832_xxaa/app_util_platform.c.o
                              0x64278 (size before relaxing)
 .debug_str     0x0007079c      0x1ab _build/nrf52832_xxaa/nrf_balloc.c.o
                              0x6ae7b (size before relaxing)
 .debug_str     0x00070947      0x151 _build/nrf52832_xxaa/nrf_fprintf.c.o
                              0x67a26 (size before relaxing)
 .debug_str     0x00070a98      0x12a _build/nrf52832_xxaa/nrf_fprintf_format.c.o
                              0x67b1b (size before relaxing)
 .debug_str     0x00070bc2      0x1c4 _build/nrf52832_xxaa/nrf_memobj.c.o
                              0x6968c (size before relaxing)
 .debug_str     0x00070d86     0x171d _build/nrf52832_xxaa/nrf_pwr_mgmt.c.o
                              0x6cf4a (size before relaxing)
 .debug_str     0x000724a3       0x61 _build/nrf52832_xxaa/nrf_section_iter.c.o
                              0x67c16 (size before relaxing)
 .debug_str     0x00072504       0xfa _build/nrf52832_xxaa/nrf_strerror.c.o
                              0x66a0b (size before relaxing)
 .debug_str     0x000725fe     0x1132 _build/nrf52832_xxaa/nrf_drv_clock.c.o
                              0x6bede (size before relaxing)
 .debug_str     0x00073730       0x69 _build/nrf52832_xxaa/nrf_drv_common.c.o
                              0x69121 (size before relaxing)
 .debug_str     0x00073799      0xeee _build/nrf52832_xxaa/nrf_drv_gpiote.c.o
                              0x6c9ae (size before relaxing)
 .debug_str     0x00074687     0x1868 _build/nrf52832_xxaa/nrf_drv_uart.c.o
                              0x6cccf (size before relaxing)
 .debug_str     0x00075eef     0x1032 _build/nrf52832_xxaa/bsp.c.o
                              0x6a25e (size before relaxing)
 .debug_str     0x00076f21     0x5518 _build/nrf52832_xxaa/main.c.o
                              0x7324c (size before relaxing)
 .debug_str     0x0007c439      0x5c0 _build/nrf52832_xxaa/SEGGER_RTT.c.o
                              0x649d7 (size before relaxing)
 .debug_str     0x0007c9f9     0x1719 _build/nrf52832_xxaa/ble_advdata.c.o
                              0x6d0d0 (size before relaxing)
 .debug_str     0x0007e112      0x271 _build/nrf52832_xxaa/system_nrf52.c.o
                              0x5b976 (size before relaxing)
 .debug_str     0x0007e383      0x537 _build/nrf52832_xxaa/nrf_sdh.c.o
                              0x6baa1 (size before relaxing)
 .debug_str     0x0007e8ba     0x14dd _build/nrf52832_xxaa/nrf_sdh_ble.c.o
                              0x6fd7a (size before relaxing)
 .debug_str     0x0007fd97      0x191 _build/nrf52832_xxaa/nrf_sdh_soc.c.o
                              0x6ab30 (size before relaxing)

.debug_frame    0x00000000     0x1e10
 .debug_frame   0x00000000      0x104 _build/nrf52832_xxaa/boards.c.o
 .debug_frame   0x00000104       0x7c _build/nrf52832_xxaa/nrf_log_backend_rtt.c.o
 .debug_frame   0x00000180       0x3c _build/nrf52832_xxaa/nrf_log_backend_serial.c.o
 .debug_frame   0x000001bc       0x28 _build/nrf52832_xxaa/nrf_log_default_backends.c.o
 .debug_frame   0x000001e4      0x2f0 _build/nrf52832_xxaa/nrf_log_frontend.c.o
 .debug_frame   0x000004d4       0x80 _build/nrf52832_xxaa/nrf_log_str_formatter.c.o
 .debug_frame   0x00000554       0xe0 _build/nrf52832_xxaa/app_button.c.o
 .debug_frame   0x00000634       0x70 _build/nrf52832_xxaa/app_error.c.o
 .debug_frame   0x000006a4       0x28 _build/nrf52832_xxaa/app_error_weak.c.o
 .debug_frame   0x000006cc      0x14c _build/nrf52832_xxaa/app_timer.c.o
 .debug_frame   0x00000818       0x94 _build/nrf52832_xxaa/app_util_platform.c.o
 .debug_frame   0x000008ac       0x70 _build/nrf52832_xxaa/nrf_balloc.c.o
 .debug_frame   0x0000091c       0x58 _build/nrf52832_xxaa/nrf_fprintf.c.o
 .debug_frame   0x00000974       0x7c _build/nrf52832_xxaa/nrf_fprintf_format.c.o
 .debug_frame   0x000009f0       0xdc _build/nrf52832_xxaa/nrf_memobj.c.o
 .debug_frame   0x00000acc       0x98 _build/nrf52832_xxaa/nrf_pwr_mgmt.c.o
 .debug_frame   0x00000b64       0x30 _build/nrf52832_xxaa/nrf_section_iter.c.o
 .debug_frame   0x00000b94       0x50 _build/nrf52832_xxaa/nrf_strerror.c.o
 .debug_frame   0x00000be4      0x1ec _build/nrf52832_xxaa/nrf_drv_clock.c.o
 .debug_frame   0x00000dd0       0x3c _build/nrf52832_xxaa/nrf_drv_common.c.o
 .debug_frame   0x00000e0c      0x25c _build/nrf52832_xxaa/nrf_drv_gpiote.c.o
 .debug_frame   0x00001068      0x1ac _build/nrf52832_xxaa/nrf_drv_uart.c.o
 .debug_frame   0x00001214      0x1dc _build/nrf52832_xxaa/bsp.c.o
 .debug_frame   0x000013f0       0x58 _build/nrf52832_xxaa/main.c.o
 .debug_frame   0x00001448      0x460 _build/nrf52832_xxaa/SEGGER_RTT.c.o
 .debug_frame   0x000018a8      0x128 _build/nrf52832_xxaa/ble_advdata.c.o
 .debug_frame   0x000019d0       0x48 _build/nrf52832_xxaa/system_nrf52.c.o
 .debug_frame   0x00001a18      0x120 _build/nrf52832_xxaa/nrf_sdh.c.o
 .debug_frame   0x00001b38       0xc4 _build/nrf52832_xxaa/nrf_sdh_ble.c.o
 .debug_frame   0x00001bfc       0x3c _build/nrf52832_xxaa/nrf_sdh_soc.c.o
 .debug_frame   0x00001c38       0x28 /home/susers/s225990/swiot/gcc-arm-none-eabi-4_9-2015q3/bin/../lib/gcc/arm-none-eabi/4.9.3/../../../../arm-none-eabi/lib/armv7e-m/fpu/libc_nano.a(lib_a-exit.o)
 .debug_frame   0x00001c60       0x2c /home/susers/s225990/swiot/gcc-arm-none-eabi-4_9-2015q3/bin/../lib/gcc/arm-none-eabi/4.9.3/../../../../arm-none-eabi/lib/armv7e-m/fpu/libc_nano.a(lib_a-init.o)
 .debug_frame   0x00001c8c       0x28 /home/susers/s225990/swiot/gcc-arm-none-eabi-4_9-2015q3/bin/../lib/gcc/arm-none-eabi/4.9.3/../../../../arm-none-eabi/lib/armv7e-m/fpu/libc_nano.a(lib_a-memcpy.o)
 .debug_frame   0x00001cb4       0x20 /home/susers/s225990/swiot/gcc-arm-none-eabi-4_9-2015q3/bin/../lib/gcc/arm-none-eabi/4.9.3/../../../../arm-none-eabi/lib/armv7e-m/fpu/libc_nano.a(lib_a-memset.o)
 .debug_frame   0x00001cd4       0x20 /home/susers/s225990/swiot/gcc-arm-none-eabi-4_9-2015q3/bin/../lib/gcc/arm-none-eabi/4.9.3/../../../../arm-none-eabi/lib/armv7e-m/fpu/libc_nano.a(lib_a-strcpy.o)
 .debug_frame   0x00001cf4       0x20 /home/susers/s225990/swiot/gcc-arm-none-eabi-4_9-2015q3/bin/../lib/gcc/arm-none-eabi/4.9.3/../../../../arm-none-eabi/lib/armv7e-m/fpu/libc_nano.a(lib_a-strlen.o)
 .debug_frame   0x00001d14       0x20 /home/susers/s225990/swiot/gcc-arm-none-eabi-4_9-2015q3/bin/../lib/gcc/arm-none-eabi/4.9.3/../../../../arm-none-eabi/lib/armv7e-m/fpu/libnosys.a(_exit.o)
 .debug_frame   0x00001d34       0x28 /home/susers/s225990/swiot/gcc-arm-none-eabi-4_9-2015q3/bin/../lib/gcc/arm-none-eabi/4.9.3/armv7e-m/fpu/libgcc.a(_aeabi_uldivmod.o)
 .debug_frame   0x00001d5c       0x50 /home/susers/s225990/swiot/gcc-arm-none-eabi-4_9-2015q3/bin/../lib/gcc/arm-none-eabi/4.9.3/armv7e-m/fpu/libgcc.a(bpabi.o)
 .debug_frame   0x00001dac       0x34 /home/susers/s225990/swiot/gcc-arm-none-eabi-4_9-2015q3/bin/../lib/gcc/arm-none-eabi/4.9.3/armv7e-m/fpu/libgcc.a(_divdi3.o)
 .debug_frame   0x00001de0       0x30 /home/susers/s225990/swiot/gcc-arm-none-eabi-4_9-2015q3/bin/../lib/gcc/arm-none-eabi/4.9.3/armv7e-m/fpu/libgcc.a(_udivdi3.o)
